Archive member included to satisfy reference by file (symbol)

C:/ST/STM32CubeIDE_1.15.1/STM32CubeIDE/plugins/com.st.stm32cube.ide.mcu.externaltools.gnu-tools-for-stm32.13.3.rel1.win32_1.0.100.202509120712/tools/bin/../lib/gcc/arm-none-eabi/13.3.1/../../../../arm-none-eabi/lib/thumb/v7e-m+fp/hard\libc_nano.a(libc_a-exit.o)
                              C:/ST/STM32CubeIDE_1.15.1/STM32CubeIDE/plugins/com.st.stm32cube.ide.mcu.externaltools.gnu-tools-for-stm32.13.3.rel1.win32_1.0.100.202509120712/tools/bin/../lib/gcc/arm-none-eabi/13.3.1/../../../../arm-none-eabi/lib/thumb/v7e-m+fp/hard/crt0.o (exit)
C:/ST/STM32CubeIDE_1.15.1/STM32CubeIDE/plugins/com.st.stm32cube.ide.mcu.externaltools.gnu-tools-for-stm32.13.3.rel1.win32_1.0.100.202509120712/tools/bin/../lib/gcc/arm-none-eabi/13.3.1/../../../../arm-none-eabi/lib/thumb/v7e-m+fp/hard\libc_nano.a(libc_a-findfp.o)
                              C:/ST/STM32CubeIDE_1.15.1/STM32CubeIDE/plugins/com.st.stm32cube.ide.mcu.externaltools.gnu-tools-for-stm32.13.3.rel1.win32_1.0.100.202509120712/tools/bin/../lib/gcc/arm-none-eabi/13.3.1/../../../../arm-none-eabi/lib/thumb/v7e-m+fp/hard\libc_nano.a(libc_a-exit.o) (__stdio_exit_handler)
C:/ST/STM32CubeIDE_1.15.1/STM32CubeIDE/plugins/com.st.stm32cube.ide.mcu.externaltools.gnu-tools-for-stm32.13.3.rel1.win32_1.0.100.202509120712/tools/bin/../lib/gcc/arm-none-eabi/13.3.1/../../../../arm-none-eabi/lib/thumb/v7e-m+fp/hard\libc_nano.a(libc_a-fwalk.o)
                              C:/ST/STM32CubeIDE_1.15.1/STM32CubeIDE/plugins/com.st.stm32cube.ide.mcu.externaltools.gnu-tools-for-stm32.13.3.rel1.win32_1.0.100.202509120712/tools/bin/../lib/gcc/arm-none-eabi/13.3.1/../../../../arm-none-eabi/lib/thumb/v7e-m+fp/hard\libc_nano.a(libc_a-findfp.o) (_fwalk_sglue)
C:/ST/STM32CubeIDE_1.15.1/STM32CubeIDE/plugins/com.st.stm32cube.ide.mcu.externaltools.gnu-tools-for-stm32.13.3.rel1.win32_1.0.100.202509120712/tools/bin/../lib/gcc/arm-none-eabi/13.3.1/../../../../arm-none-eabi/lib/thumb/v7e-m+fp/hard\libc_nano.a(libc_a-stdio.o)
                              C:/ST/STM32CubeIDE_1.15.1/STM32CubeIDE/plugins/com.st.stm32cube.ide.mcu.externaltools.gnu-tools-for-stm32.13.3.rel1.win32_1.0.100.202509120712/tools/bin/../lib/gcc/arm-none-eabi/13.3.1/../../../../arm-none-eabi/lib/thumb/v7e-m+fp/hard\libc_nano.a(libc_a-findfp.o) (__sread)
C:/ST/STM32CubeIDE_1.15.1/STM32CubeIDE/plugins/com.st.stm32cube.ide.mcu.externaltools.gnu-tools-for-stm32.13.3.rel1.win32_1.0.100.202509120712/tools/bin/../lib/gcc/arm-none-eabi/13.3.1/../../../../arm-none-eabi/lib/thumb/v7e-m+fp/hard\libc_nano.a(libc_a-memset.o)
                              C:/ST/STM32CubeIDE_1.15.1/STM32CubeIDE/plugins/com.st.stm32cube.ide.mcu.externaltools.gnu-tools-for-stm32.13.3.rel1.win32_1.0.100.202509120712/tools/bin/../lib/gcc/arm-none-eabi/13.3.1/../../../../arm-none-eabi/lib/thumb/v7e-m+fp/hard/crt0.o (memset)
C:/ST/STM32CubeIDE_1.15.1/STM32CubeIDE/plugins/com.st.stm32cube.ide.mcu.externaltools.gnu-tools-for-stm32.13.3.rel1.win32_1.0.100.202509120712/tools/bin/../lib/gcc/arm-none-eabi/13.3.1/../../../../arm-none-eabi/lib/thumb/v7e-m+fp/hard\libc_nano.a(libc_a-closer.o)
                              C:/ST/STM32CubeIDE_1.15.1/STM32CubeIDE/plugins/com.st.stm32cube.ide.mcu.externaltools.gnu-tools-for-stm32.13.3.rel1.win32_1.0.100.202509120712/tools/bin/../lib/gcc/arm-none-eabi/13.3.1/../../../../arm-none-eabi/lib/thumb/v7e-m+fp/hard\libc_nano.a(libc_a-stdio.o) (_close_r)
C:/ST/STM32CubeIDE_1.15.1/STM32CubeIDE/plugins/com.st.stm32cube.ide.mcu.externaltools.gnu-tools-for-stm32.13.3.rel1.win32_1.0.100.202509120712/tools/bin/../lib/gcc/arm-none-eabi/13.3.1/../../../../arm-none-eabi/lib/thumb/v7e-m+fp/hard\libc_nano.a(libc_a-reent.o)
                              C:/ST/STM32CubeIDE_1.15.1/STM32CubeIDE/plugins/com.st.stm32cube.ide.mcu.externaltools.gnu-tools-for-stm32.13.3.rel1.win32_1.0.100.202509120712/tools/bin/../lib/gcc/arm-none-eabi/13.3.1/../../../../arm-none-eabi/lib/thumb/v7e-m+fp/hard\libc_nano.a(libc_a-closer.o) (errno)
C:/ST/STM32CubeIDE_1.15.1/STM32CubeIDE/plugins/com.st.stm32cube.ide.mcu.externaltools.gnu-tools-for-stm32.13.3.rel1.win32_1.0.100.202509120712/tools/bin/../lib/gcc/arm-none-eabi/13.3.1/../../../../arm-none-eabi/lib/thumb/v7e-m+fp/hard\libc_nano.a(libc_a-impure.o)
                              C:/ST/STM32CubeIDE_1.15.1/STM32CubeIDE/plugins/com.st.stm32cube.ide.mcu.externaltools.gnu-tools-for-stm32.13.3.rel1.win32_1.0.100.202509120712/tools/bin/../lib/gcc/arm-none-eabi/13.3.1/../../../../arm-none-eabi/lib/thumb/v7e-m+fp/hard\libc_nano.a(libc_a-reent.o) (_impure_ptr)
C:/ST/STM32CubeIDE_1.15.1/STM32CubeIDE/plugins/com.st.stm32cube.ide.mcu.externaltools.gnu-tools-for-stm32.13.3.rel1.win32_1.0.100.202509120712/tools/bin/../lib/gcc/arm-none-eabi/13.3.1/../../../../arm-none-eabi/lib/thumb/v7e-m+fp/hard\libc_nano.a(libc_a-lseekr.o)
[...]
Memory Configuration

Name             Origin             Length             Attributes
RAM              0x20000000         0x00020000         xrw
FLASH            0x08000000         0x00040000         xr
*default*        0x00000000         0xffffffff

Linker script and memory map

LOAD C:/ST/STM32CubeIDE_1.15.1/STM32CubeIDE/plugins/com.st.stm32cube.ide.mcu.externaltools.gnu-tools-for-stm32.13.3.rel1.win32_1.0.100.202509120712/tools/bin/../lib/gcc/arm-none-eabi/13.3.1/thumb/v7e-m+fp/hard/crti.o
LOAD C:/ST/STM32CubeIDE_1.15.1/STM32CubeIDE/plugins/com.st.stm32cube.ide.mcu.externaltools.gnu-tools-for-stm32.13.3.rel1.win32_1.0.100.202509120712/tools/bin/../lib/gcc/arm-none-eabi/13.3.1/thumb/v7e-m+fp/hard/crtbegin.o
LOAD C:/ST/STM32CubeIDE_1.15.1/STM32CubeIDE/plugins/com.st.stm32cube.ide.mcu.externaltools.gnu-tools-for-stm32.13.3.rel1.win32_1.0.100.202509120712/tools/bin/../lib/gcc/arm-none-eabi/13.3.1/../../../../arm-none-eabi/lib/thumb/v7e-m+fp/hard/crt0.o
LOAD ./Core/Src/macropad.o
LOAD ./Core/Src/main.o
LOAD ./Core/Src/stm32f4xx_hal_msp.o
LOAD ./Core/Src/stm32f4xx_it.o
LOAD ./Core/Src/syscalls.o
LOAD ./Core/Src/sysmem.o
LOAD ./Core/Src/system_stm32f4xx.o
LOAD ./Core/Startup/startup_stm32f411ccux.o
LOAD ./Drivers/STM32F4xx_HAL_Driver/Src/stm32f4xx_hal.o
LOAD ./Drivers/STM32F4xx_HAL_Driver/Src/stm32f4xx_hal_cortex.o
LOAD ./Drivers/STM32F4xx_HAL_Driver/Src/stm32f4xx_hal_dma.o
LOAD ./Drivers/STM32F4xx_HAL_Driver/Src/stm32f4xx_hal_dma_ex.o
LOAD ./Drivers/STM32F4xx_HAL_Driver/Src/stm32f4xx_hal_exti.o
LOAD ./Drivers/STM32F4xx_HAL_Driver/Src/stm32f4xx_hal_flash.o
LOAD ./Drivers/STM32F4xx_HAL_Driver/Src/stm32f4xx_hal_flash_ex.o
LOAD ./Drivers/STM32F4xx_HAL_Driver/Src/stm32f4xx_hal_flash_ramfunc.o
LOAD ./Drivers/STM32F4xx_HAL_Driver/Src/stm32f4xx_hal_gpio.o
LOAD ./Drivers/STM32F4xx_HAL_Driver/Src/stm32f4xx_hal_i2c.o
LOAD ./Drivers/STM32F4xx_HAL_Driver/Src/stm32f4xx_hal_i2c_ex.o
LOAD ./Drivers/STM32F4xx_HAL_Driver/Src/stm32f4xx_hal_pcd.o
LOAD ./Drivers/STM32F4xx_HAL_Driver/Src/stm32f4xx_hal_pcd_ex.o
LOAD ./Drivers/STM32F4xx_HAL_Driver/Src/stm32f4xx_hal_pwr.o
LOAD ./Drivers/STM32F4xx_HAL_Driver/Src/stm32f4xx_hal_pwr_ex.o
LOAD ./Drivers/STM32F4xx_HAL_Driver/Src/stm32f4xx_hal_rcc.o
LOAD ./Drivers/STM32F4xx_HAL_Driver/Src/stm32f4xx_hal_rcc_ex.o
LOAD ./Drivers/STM32F4xx_HAL_Driver/Src/stm32f4xx_hal_spi.o
LOAD ./Drivers/STM32F4xx_HAL_Driver/Src/stm32f4xx_ll_usb.o
LOAD ./Middlewares/ST/STM32_USB_Device_Library/Class/HID/Src/usbd_hid.o
LOAD ./Middlewares/ST/STM32_USB_Device_Library/Core/Src/usbd_core.o
LOAD ./Middlewares/ST/STM32_USB_Device_Library/Core/Src/usbd_ctlreq.o
LOAD ./Middlewares/ST/STM32_USB_Device_Library/Core/Src/usbd_ioreq.o
LOAD ./USB_DEVICE/App/usb_device.o
LOAD ./USB_DEVICE/App/usbd_desc.o
LOAD ./USB_DEVICE/Target/usbd_conf.o
START GROUP
LOAD C:/ST/STM32CubeIDE_1.15.1/STM32CubeIDE/plugins/com.st.stm32cube.ide.mcu.externaltools.gnu-tools-for-stm32.13.3.rel1.win32_1.0.100.202509120712/tools/bin/../lib/gcc/arm-none-eabi/13.3.1/../../../../arm-none-eabi/lib/thumb/v7e-m+fp/hard\libc_nano.a
LOAD C:/ST/STM32CubeIDE_1.15.1/STM32CubeIDE/plugins/com.st.stm32cube.ide.mcu.externaltools.gnu-tools-for-stm32.13.3.rel1.win32_1.0.100.202509120712/tools/bin/../lib/gcc/arm-none-eabi/13.3.1/../../../../arm-none-eabi/lib/thumb/v7e-m+fp/hard\libm.a
END GROUP
START GROUP
LOAD C:/ST/STM32CubeIDE_1.15.1/STM32CubeIDE/plugins/com.st.stm32cube.ide.mcu.externaltools.gnu-tools-for-stm32.13.3.rel1.win32_1.0.100.202509120712/tools/bin/../lib/gcc/arm-none-eabi/13.3.1/thumb/v7e-m+fp/hard\libgcc.a
LOAD C:/ST/STM32CubeIDE_1.15.1/STM32CubeIDE/plugins/com.st.stm32cube.ide.mcu.externaltools.gnu-tools-for-stm32.13.3.rel1.win32_1.0.100.202509120712/tools/bin/../lib/gcc/arm-none-eabi/13.3.1/../../../../arm-none-eabi/lib/thumb/v7e-m+fp/hard\libc_nano.a
END GROUP
START GROUP
LOAD C:/ST/STM32CubeIDE_1.15.1/STM32CubeIDE/plugins/com.st.stm32cube.ide.mcu.externaltools.gnu-tools-for-stm32.13.3.rel1.win32_1.0.100.202509120712/tools/bin/../lib/gcc/arm-none-eabi/13.3.1/thumb/v7e-m+fp/hard\libgcc.a
LOAD C:/ST/STM32CubeIDE_1.15.1/STM32CubeIDE/plugins/com.st.stm32cube.ide.mcu.externaltools.gnu-tools-for-stm32.13.3.rel1.win32_1.0.100.202509120712/tools/bin/../lib/gcc/arm-none-eabi/13.3.1/../../../../arm-none-eabi/lib/thumb/v7e-m+fp/hard\libc_nano.a
LOAD C:/ST/STM32CubeIDE_1.15.1/STM32CubeIDE/plugins/com.st.stm32cube.ide.mcu.externaltools.gnu-tools-for-stm32.13.3.rel1.win32_1.0.100.202509120712/tools/bin/../lib/gcc/arm-none-eabi/13.3.1/../../../../arm-none-eabi/lib/thumb/v7e-m+fp/hard\libnosys.a
END GROUP
START GROUP
LOAD C:/ST/STM32CubeIDE_1.15.1/STM32CubeIDE/plugins/com.st.stm32cube.ide.mcu.externaltools.gnu-tools-for-stm32.13.3.rel1.win32_1.0.100.202509120712/tools/bin/../lib/gcc/arm-none-eabi/13.3.1/thumb/v7e-m+fp/hard\libgcc.a
LOAD C:/ST/STM32CubeIDE_1.15.1/STM32CubeIDE/plugins/com.st.stm32cube.ide.mcu.externaltools.gnu-tools-for-stm32.13.3.rel1.win32_1.0.100.202509120712/tools/bin/../lib/gcc/arm-none-eabi/13.3.1/../../../../arm-none-eabi/lib/thumb/v7e-m+fp/hard\libc_nano.a
LOAD C:/ST/STM32CubeIDE_1.15.1/STM32CubeIDE/plugins/com.st.stm32cube.ide.mcu.externaltools.gnu-tools-for-stm32.13.3.rel1.win32_1.0.100.202509120712/tools/bin/../lib/gcc/arm-none-eabi/13.3.1/../../../../arm-none-eabi/lib/thumb/v7e-m+fp/hard\libnosys.a
END GROUP
LOAD C:/ST/STM32CubeIDE_1.15.1/STM32CubeIDE/plugins/com.st.stm32cube.ide.mcu.externaltools.gnu-tools-for-stm32.13.3.rel1.win32_1.0.100.202509120712/tools/bin/../lib/gcc/arm-none-eabi/13.3.1/thumb/v7e-m+fp/hard/crtend.o
LOAD C:/ST/STM32CubeIDE_1.15.1/STM32CubeIDE/plugins/com.st.stm32cube.ide.mcu.externaltools.gnu-tools-for-stm32.13.3.rel1.win32_1.0.100.202509120712/tools/bin/../lib/gcc/arm-none-eabi/13.3.1/thumb/v7e-m+fp/hard/crtn.o
                0x20020000                        _estack = (ORIGIN (RAM) + LENGTH (RAM))
                0x00000200                        _Min_Heap_Size = 0x200
                0x00000400                        _Min_Stack_Size = 0x400

.isr_vector     0x08000000      0x198
                0x08000000                        . = ALIGN (0x4)
 *(.isr_vector)
 .isr_vector    0x08000000      0x198 ./Core/Startup/startup_stm32f411ccux.o
                0x08000000                g_pfnVectors
                0x08000198                        . = ALIGN (0x4)

.text           0x08000198     0x6b14
                0x08000198                        . = ALIGN (0x4)
 *(.text)
 .text          0x08000198       0x40 C:/ST/STM32CubeIDE_1.15.1/STM32CubeIDE/plugins/com.st.stm32cube.ide.mcu.externaltools.gnu-tools-for-stm32.13.3.rel1.win32_1.0.100.202509120712/tools/bin/../lib/gcc/arm-none-eabi/13.3.1/thumb/v7e-m+fp/hard/crtbegin.o
 .text          0x080001d8       0x30 C:/ST/STM32CubeIDE_1.15.1/STM32CubeIDE/plugins/com.st.stm32cube.ide.mcu.externaltools.gnu-tools-for-stm32.13.3.rel1.win32_1.0.100.202509120712/tools/bin/../lib/gcc/arm-none-eabi/13.3.1/thumb/v7e-m+fp/hard\libgcc.a(_aeabi_uldivmod.o)
                0x080001d8                __aeabi_uldivmod
 .text          0x08000208      0x2f8 C:/ST/STM32CubeIDE_1.15.1/STM32CubeIDE/plugins/com.st.stm32cube.ide.mcu.externaltools.gnu-tools-for-stm32.13.3.rel1.win32_1.0.100.202509120712/tools/bin/../lib/gcc/arm-none-eabi/13.3.1/thumb/v7e-m+fp/hard\libgcc.a(_udivmoddi4.o)
                0x08000208                __udivmoddi4
 .text          0x08000500        0x4 C:/ST/STM32CubeIDE_1.15.1/STM32CubeIDE/plugins/com.st.stm32cube.ide.mcu.externaltools.gnu-tools-for-stm32.13.3.rel1.win32_1.0.100.202509120712/tools/bin/../lib/gcc/arm-none-eabi/13.3.1/thumb/v7e-m+fp/hard\libgcc.a(_dvmd_tls.o)
                0x08000500                __aeabi_idiv0
                0x08000500                __aeabi_ldiv0
 *(.text*)
 .text.PORT_shifting
                0x08000504       0x40 ./Core/Src/macropad.o
                0x08000504                PORT_shifting
 .text.HID_Task
                0x08000544       0xb4 ./Core/Src/main.o
                0x08000544                HID_Task
 .text.main     0x080005f8       0x40 ./Core/Src/main.o
                0x080005f8                main
 .text.SystemClock_Config
                0x08000638       0xd0 ./Core/Src/main.o
                0x08000638                SystemClock_Config
 .text.MX_I2C1_Init
                0x08000708       0x5c ./Core/Src/main.o
 .text.MX_SPI5_Init
                0x08000764       0x6c ./Core/Src/main.o
 .text.MX_GPIO_Init
                0x080007d0       0xb0 ./Core/Src/main.o
 .text.Error_Handler
                0x08000880        0xc ./Core/Src/main.o
                0x08000880                Error_Handler
 .text.HAL_MspInit
                0x0800088c       0x50 ./Core/Src/stm32f4xx_hal_msp.o
                0x0800088c                HAL_MspInit
 .text.HAL_I2C_MspInit
                0x080008dc       0x90 ./Core/Src/stm32f4xx_hal_msp.o
                0x080008dc                HAL_I2C_MspInit
 .text.HAL_SPI_MspInit
                0x0800096c       0xd0 ./Core/Src/stm32f4xx_hal_msp.o
                0x0800096c                HAL_SPI_MspInit
 .text.NMI_Handler
                0x08000a3c        0x8 ./Core/Src/stm32f4xx_it.o
                0x08000a3c                NMI_Handler
 .text.HardFault_Handler
                0x08000a44        0x8 ./Core/Src/stm32f4xx_it.o
                0x08000a44                HardFault_Handler
 .text.MemManage_Handler
                0x08000a4c        0x8 ./Core/Src/stm32f4xx_it.o
                0x08000a4c                MemManage_Handler
 .text.BusFault_Handler
                0x08000a54        0x8 ./Core/Src/stm32f4xx_it.o
                0x08000a54                BusFault_Handler
 .text.UsageFault_Handler
                0x08000a5c        0x8 ./Core/Src/stm32f4xx_it.o
                0x08000a5c                UsageFault_Handler
 .text.SVC_Handler
                0x08000a64        0xe ./Core/Src/stm32f4xx_it.o
                0x08000a64                SVC_Handler
 .text.DebugMon_Handler
                0x08000a72        0xe ./Core/Src/stm32f4xx_it.o
                0x08000a72                DebugMon_Handler
 .text.PendSV_Handler
                0x08000a80        0xe ./Core/Src/stm32f4xx_it.o
                0x08000a80                PendSV_Handler
 .text.SysTick_Handler
                0x08000a8e        0xc ./Core/Src/stm32f4xx_it.o
                0x08000a8e                SysTick_Handler
 *fill*         0x08000a9a        0x2 
 .text.OTG_FS_IRQHandler
                0x08000a9c       0x14 ./Core/Src/stm32f4xx_it.o
                0x08000a9c                OTG_FS_IRQHandler
 .text.SystemInit
                0x08000ab0       0x24 ./Core/Src/system_stm32f4xx.o
                0x08000ab0                SystemInit
 .text.Reset_Handler
                0x08000ad4       0x50 ./Core/Startup/startup_stm32f411ccux.o
                0x08000ad4                Reset_Handler
 .text.Default_Handler
                0x08000b24        0x2 ./Core/Startup/startup_stm32f411ccux.o
                0x08000b24                RTC_Alarm_IRQHandler
                0x08000b24                EXTI2_IRQHandler
                0x08000b24                SPI4_IRQHandler
                0x08000b24                TIM1_CC_IRQHandler
                0x08000b24                DMA2_Stream5_IRQHandler
                0x08000b24                DMA1_Stream5_IRQHandler
                0x08000b24                PVD_IRQHandler
                0x08000b24                SDIO_IRQHandler
                0x08000b24                TAMP_STAMP_IRQHandler
                0x08000b24                EXTI3_IRQHandler
                0x08000b24                TIM1_UP_TIM10_IRQHandler
                0x08000b24                I2C3_ER_IRQHandler
                0x08000b24                EXTI0_IRQHandler
                0x08000b24                I2C2_EV_IRQHandler
                0x08000b24                DMA1_Stream2_IRQHandler
                0x08000b24                FPU_IRQHandler
                0x08000b24                DMA2_Stream2_IRQHandler
                0x08000b24                SPI1_IRQHandler
                0x08000b24                TIM1_BRK_TIM9_IRQHandler
                0x08000b24                DMA2_Stream3_IRQHandler
                0x08000b24                USART6_IRQHandler
                0x08000b24                DMA2_Stream0_IRQHandler
                0x08000b24                TIM4_IRQHandler
                0x08000b24                I2C1_EV_IRQHandler
                0x08000b24                DMA1_Stream6_IRQHandler
                0x08000b24                DMA1_Stream1_IRQHandler
                0x08000b24                TIM3_IRQHandler
                0x08000b24                RCC_IRQHandler
                0x08000b24                Default_Handler
                0x08000b24                EXTI15_10_IRQHandler
                0x08000b24                ADC_IRQHandler
                0x08000b24                DMA1_Stream7_IRQHandler
                0x08000b24                SPI5_IRQHandler
                0x08000b24                TIM5_IRQHandler
                0x08000b24                DMA2_Stream7_IRQHandler
                0x08000b24                I2C3_EV_IRQHandler
                0x08000b24                EXTI9_5_IRQHandler
                0x08000b24                RTC_WKUP_IRQHandler
                0x08000b24                SPI2_IRQHandler
                0x08000b24                DMA1_Stream0_IRQHandler
                0x08000b24                EXTI4_IRQHandler
                0x08000b24                WWDG_IRQHandler
                0x08000b24                TIM2_IRQHandler
                0x08000b24                OTG_FS_WKUP_IRQHandler
                0x08000b24                TIM1_TRG_COM_TIM11_IRQHandler
                0x08000b24                EXTI1_IRQHandler
                0x08000b24                USART2_IRQHandler
                0x08000b24                I2C2_ER_IRQHandler
                0x08000b24                DMA2_Stream1_IRQHandler
                0x08000b24                FLASH_IRQHandler
                0x08000b24                DMA2_Stream4_IRQHandler
                0x08000b24                USART1_IRQHandler
                0x08000b24                SPI3_IRQHandler
                0x08000b24                DMA1_Stream4_IRQHandler
                0x08000b24                I2C1_ER_IRQHandler
                0x08000b24                DMA2_Stream6_IRQHandler
                0x08000b24                DMA1_Stream3_IRQHandler
 *fill*         0x08000b26        0x2 
 .text.HAL_Init
                0x08000b28       0x44 ./Drivers/STM32F4xx_HAL_Driver/Src/stm32f4xx_hal.o
                0x08000b28                HAL_Init
 .text.HAL_InitTick
                0x08000b6c       0x60 ./Drivers/STM32F4xx_HAL_Driver/Src/stm32f4xx_hal.o
                0x08000b6c                HAL_InitTick
 .text.HAL_IncTick
                0x08000bcc       0x28 ./Drivers/STM32F4xx_HAL_Driver/Src/stm32f4xx_hal.o
                0x08000bcc                HAL_IncTick
 .text.HAL_GetTick
                0x08000bf4       0x18 ./Drivers/STM32F4xx_HAL_Driver/Src/stm32f4xx_hal.o
                0x08000bf4                HAL_GetTick
 .text.HAL_Delay
                0x08000c0c       0x48 ./Drivers/STM32F4xx_HAL_Driver/Src/stm32f4xx_hal.o
                0x08000c0c                HAL_Delay
 .text.__NVIC_SetPriorityGrouping
                0x08000c54       0x48 ./Drivers/STM32F4xx_HAL_Driver/Src/stm32f4xx_hal_cortex.o
 .text.__NVIC_GetPriorityGrouping
                0x08000c9c       0x1c ./Drivers/STM32F4xx_HAL_Driver/Src/stm32f4xx_hal_cortex.o
 .text.__NVIC_EnableIRQ
                0x08000cb8       0x3c ./Drivers/STM32F4xx_HAL_Driver/Src/stm32f4xx_hal_cortex.o
 .text.__NVIC_SetPriority
                0x08000cf4       0x54 ./Drivers/STM32F4xx_HAL_Driver/Src/stm32f4xx_hal_cortex.o
 .text.NVIC_EncodePriority
                0x08000d48       0x66 ./Drivers/STM32F4xx_HAL_Driver/Src/stm32f4xx_hal_cortex.o
 *fill*         0x08000dae        0x2 
 .text.SysTick_Config
                0x08000db0       0x44 ./Drivers/STM32F4xx_HAL_Driver/Src/stm32f4xx_hal_cortex.o
 .text.HAL_NVIC_SetPriorityGrouping
                0x08000df4       0x16 ./Drivers/STM32F4xx_HAL_Driver/Src/stm32f4xx_hal_cortex.o
                0x08000df4                HAL_NVIC_SetPriorityGrouping
 .text.HAL_NVIC_SetPriority
                0x08000e0a       0x38 ./Drivers/STM32F4xx_HAL_Driver/Src/stm32f4xx_hal_cortex.o
                0x08000e0a                HAL_NVIC_SetPriority
 .text.HAL_NVIC_EnableIRQ
                0x08000e42       0x1c ./Drivers/STM32F4xx_HAL_Driver/Src/stm32f4xx_hal_cortex.o
                0x08000e42                HAL_NVIC_EnableIRQ
 .text.HAL_SYSTICK_Config
                0x08000e5e       0x18 ./Drivers/STM32F4xx_HAL_Driver/Src/stm32f4xx_hal_cortex.o
                0x08000e5e                HAL_SYSTICK_Config
 *fill*         0x08000e76        0x2 
 .text.HAL_GPIO_Init
                0x08000e78      0x308 ./Drivers/STM32F4xx_HAL_Driver/Src/stm32f4xx_hal_gpio.o
                0x08000e78                HAL_GPIO_Init
 .text.HAL_I2C_Init
                0x08001180      0x288 ./Drivers/STM32F4xx_HAL_Driver/Src/stm32f4xx_hal_i2c.o
                0x08001180                HAL_I2C_Init
 .text.HAL_PCD_Init
                0x08001408      0x21e ./Drivers/STM32F4xx_HAL_Driver/Src/stm32f4xx_hal_pcd.o
                0x08001408                HAL_PCD_Init
 .text.HAL_PCD_Start
                0x08001626       0x6a ./Drivers/STM32F4xx_HAL_Driver/Src/stm32f4xx_hal_pcd.o
                0x08001626                HAL_PCD_Start
 .text.HAL_PCD_IRQHandler
                0x08001690      0x942 ./Drivers/STM32F4xx_HAL_Driver/Src/stm32f4xx_hal_pcd.o
                0x08001690                HAL_PCD_IRQHandler
 .text.HAL_PCD_SetAddress
                0x08001fd2       0x48 ./Drivers/STM32F4xx_HAL_Driver/Src/stm32f4xx_hal_pcd.o
                0x08001fd2                HAL_PCD_SetAddress
 .text.HAL_PCD_EP_Open
                0x0800201a       0xd4 ./Drivers/STM32F4xx_HAL_Driver/Src/stm32f4xx_hal_pcd.o
                0x0800201a                HAL_PCD_EP_Open
 .text.HAL_PCD_EP_Close
                0x080020ee       0x94 ./Drivers/STM32F4xx_HAL_Driver/Src/stm32f4xx_hal_pcd.o
                0x080020ee                HAL_PCD_EP_Close
 .text.HAL_PCD_EP_Receive
                0x08002182       0x76 ./Drivers/STM32F4xx_HAL_Driver/Src/stm32f4xx_hal_pcd.o
                0x08002182                HAL_PCD_EP_Receive
 .text.HAL_PCD_EP_Transmit
                0x080021f8       0x74 ./Drivers/STM32F4xx_HAL_Driver/Src/stm32f4xx_hal_pcd.o
                0x080021f8                HAL_PCD_EP_Transmit
 .text.HAL_PCD_EP_SetStall
                0x0800226c       0xc6 ./Drivers/STM32F4xx_HAL_Driver/Src/stm32f4xx_hal_pcd.o
                0x0800226c                HAL_PCD_EP_SetStall
 .text.HAL_PCD_EP_ClrStall
                0x08002332       0xac ./Drivers/STM32F4xx_HAL_Driver/Src/stm32f4xx_hal_pcd.o
                0x08002332                HAL_PCD_EP_ClrStall
 .text.HAL_PCD_EP_Abort
                0x080023de       0x62 ./Drivers/STM32F4xx_HAL_Driver/Src/stm32f4xx_hal_pcd.o
                0x080023de                HAL_PCD_EP_Abort
 .text.PCD_WriteEmptyTxFifo
                0x08002440      0x118 ./Drivers/STM32F4xx_HAL_Driver/Src/stm32f4xx_hal_pcd.o
 .text.PCD_EP_OutXfrComplete_int
                0x08002558      0x1d0 ./Drivers/STM32F4xx_HAL_Driver/Src/stm32f4xx_hal_pcd.o
 .text.PCD_EP_OutSetupPacket_int
                0x08002728       0x8c ./Drivers/STM32F4xx_HAL_Driver/Src/stm32f4xx_hal_pcd.o
 .text.HAL_PCDEx_SetTxFiFo
                0x080027b4       0x8e ./Drivers/STM32F4xx_HAL_Driver/Src/stm32f4xx_hal_pcd_ex.o
                0x080027b4                HAL_PCDEx_SetTxFiFo
 .text.HAL_PCDEx_SetRxFiFo
                0x08002842       0x22 ./Drivers/STM32F4xx_HAL_Driver/Src/stm32f4xx_hal_pcd_ex.o
                0x08002842                HAL_PCDEx_SetRxFiFo
 .text.HAL_PCDEx_LPM_Callback
                0x08002864       0x18 ./Drivers/STM32F4xx_HAL_Driver/Src/stm32f4xx_hal_pcd_ex.o
                0x08002864                HAL_PCDEx_LPM_Callback
 .text.HAL_RCC_OscConfig
                0x0800287c      0x4f0 ./Drivers/STM32F4xx_HAL_Driver/Src/stm32f4xx_hal_rcc.o
                0x0800287c                HAL_RCC_OscConfig
 .text.HAL_RCC_ClockConfig
                0x08002d6c      0x1cc ./Drivers/STM32F4xx_HAL_Driver/Src/stm32f4xx_hal_rcc.o
                0x08002d6c                HAL_RCC_ClockConfig
 .text.HAL_RCC_GetSysClockFreq
                0x08002f38      0x208 ./Drivers/STM32F4xx_HAL_Driver/Src/stm32f4xx_hal_rcc.o
                0x08002f38                HAL_RCC_GetSysClockFreq
 .text.HAL_RCC_GetHCLKFreq
                0x08003140       0x18 ./Drivers/STM32F4xx_HAL_Driver/Src/stm32f4xx_hal_rcc.o
                0x08003140                HAL_RCC_GetHCLKFreq
 .text.HAL_RCC_GetPCLK1Freq
                0x08003158       0x28 ./Drivers/STM32F4xx_HAL_Driver/Src/stm32f4xx_hal_rcc.o
                0x08003158                HAL_RCC_GetPCLK1Freq
 .text.HAL_SPI_Init
                0x08003180      0x112 ./Drivers/STM32F4xx_HAL_Driver/Src/stm32f4xx_hal_spi.o
                0x08003180                HAL_SPI_Init
 .text.USB_CoreInit
                0x08003292       0xc8 ./Drivers/STM32F4xx_HAL_Driver/Src/stm32f4xx_ll_usb.o
                0x08003292                USB_CoreInit
 *fill*         0x0800335a        0x2 
 .text.USB_SetTurnaroundTime
                0x0800335c      0x144 ./Drivers/STM32F4xx_HAL_Driver/Src/stm32f4xx_ll_usb.o
                0x0800335c                USB_SetTurnaroundTime
 .text.USB_EnableGlobalInt
                0x080034a0       0x22 ./Drivers/STM32F4xx_HAL_Driver/Src/stm32f4xx_ll_usb.o
                0x080034a0                USB_EnableGlobalInt
 .text.USB_DisableGlobalInt
                0x080034c2       0x22 ./Drivers/STM32F4xx_HAL_Driver/Src/stm32f4xx_ll_usb.o
                0x080034c2                USB_DisableGlobalInt
 .text.USB_SetCurrentMode
                0x080034e4       0x98 ./Drivers/STM32F4xx_HAL_Driver/Src/stm32f4xx_ll_usb.o
                0x080034e4                USB_SetCurrentMode
 .text.USB_DevInit
                0x0800357c      0x2c8 ./Drivers/STM32F4xx_HAL_Driver/Src/stm32f4xx_ll_usb.o
                0x0800357c                USB_DevInit
 .text.USB_FlushTxFifo
                0x08003844       0x64 ./Drivers/STM32F4xx_HAL_Driver/Src/stm32f4xx_ll_usb.o
                0x08003844                USB_FlushTxFifo
 .text.USB_FlushRxFifo
                0x080038a8       0x5c ./Drivers/STM32F4xx_HAL_Driver/Src/stm32f4xx_ll_usb.o
                0x080038a8                USB_FlushRxFifo
 .text.USB_SetDevSpeed
                0x08003904       0x32 ./Drivers/STM32F4xx_HAL_Driver/Src/stm32f4xx_ll_usb.o
                0x08003904                USB_SetDevSpeed
 .text.USB_GetDevSpeed
                0x08003936       0x4a ./Drivers/STM32F4xx_HAL_Driver/Src/stm32f4xx_ll_usb.o
                0x08003936                USB_GetDevSpeed
 .text.USB_ActivateEndpoint
                0x08003980      0x10e ./Drivers/STM32F4xx_HAL_Driver/Src/stm32f4xx_ll_usb.o
                0x08003980                USB_ActivateEndpoint
 *fill*         0x08003a8e        0x2 
 .text.USB_DeactivateEndpoint
                0x08003a90      0x1b8 ./Drivers/STM32F4xx_HAL_Driver/Src/stm32f4xx_ll_usb.o
                0x08003a90                USB_DeactivateEndpoint
 .text.USB_EPStartXfer
                0x08003c48      0x53c ./Drivers/STM32F4xx_HAL_Driver/Src/stm32f4xx_ll_usb.o
                0x08003c48                USB_EPStartXfer
 .text.USB_EPStopXfer
                0x08004184      0x154 ./Drivers/STM32F4xx_HAL_Driver/Src/stm32f4xx_ll_usb.o
                0x08004184                USB_EPStopXfer
 .text.USB_WritePacket
                0x080042d8       0x7c ./Drivers/STM32F4xx_HAL_Driver/Src/stm32f4xx_ll_usb.o
                0x080042d8                USB_WritePacket
 .text.USB_ReadPacket
                0x08004354       0xb0 ./Drivers/STM32F4xx_HAL_Driver/Src/stm32f4xx_ll_usb.o
                0x08004354                USB_ReadPacket
 .text.USB_EPSetStall
                0x08004404       0xdc ./Drivers/STM32F4xx_HAL_Driver/Src/stm32f4xx_ll_usb.o
                0x08004404                USB_EPSetStall
 .text.USB_EPClearStall
                0x080044e0       0xcc ./Drivers/STM32F4xx_HAL_Driver/Src/stm32f4xx_ll_usb.o
                0x080044e0                USB_EPClearStall
 .text.USB_SetDevAddress
                0x080045ac       0x4c ./Drivers/STM32F4xx_HAL_Driver/Src/stm32f4xx_ll_usb.o
                0x080045ac                USB_SetDevAddress
 .text.USB_DevConnect
                0x080045f8       0x42 ./Drivers/STM32F4xx_HAL_Driver/Src/stm32f4xx_ll_usb.o
                0x080045f8                USB_DevConnect
 .text.USB_DevDisconnect
                0x0800463a       0x42 ./Drivers/STM32F4xx_HAL_Driver/Src/stm32f4xx_ll_usb.o
                0x0800463a                USB_DevDisconnect
 .text.USB_ReadInterrupts
                0x0800467c       0x26 ./Drivers/STM32F4xx_HAL_Driver/Src/stm32f4xx_ll_usb.o
                0x0800467c                USB_ReadInterrupts
 .text.USB_ReadDevAllOutEpInterrupt
                0x080046a2       0x34 ./Drivers/STM32F4xx_HAL_Driver/Src/stm32f4xx_ll_usb.o
                0x080046a2                USB_ReadDevAllOutEpInterrupt
 .text.USB_ReadDevAllInEpInterrupt
                0x080046d6       0x34 ./Drivers/STM32F4xx_HAL_Driver/Src/stm32f4xx_ll_usb.o
                0x080046d6                USB_ReadDevAllInEpInterrupt
 .text.USB_ReadDevOutEPInterrupt
                0x0800470a       0x3c ./Drivers/STM32F4xx_HAL_Driver/Src/stm32f4xx_ll_usb.o
                0x0800470a                USB_ReadDevOutEPInterrupt
 .text.USB_ReadDevInEPInterrupt
                0x08004746       0x5c ./Drivers/STM32F4xx_HAL_Driver/Src/stm32f4xx_ll_usb.o
                0x08004746                USB_ReadDevInEPInterrupt
 .text.USB_GetMode
                0x080047a2       0x1c ./Drivers/STM32F4xx_HAL_Driver/Src/stm32f4xx_ll_usb.o
                0x080047a2                USB_GetMode
 .text.USB_ActivateSetup
                0x080047be       0x46 ./Drivers/STM32F4xx_HAL_Driver/Src/stm32f4xx_ll_usb.o
                0x080047be                USB_ActivateSetup
 .text.USB_EP0_OutStart
                0x08004804       0xbc ./Drivers/STM32F4xx_HAL_Driver/Src/stm32f4xx_ll_usb.o
                0x08004804                USB_EP0_OutStart
 .text.USB_CoreReset
                0x080048c0       0x70 ./Drivers/STM32F4xx_HAL_Driver/Src/stm32f4xx_ll_usb.o
 .text.USBD_HID_Init
                0x08004930       0xcc ./Middlewares/ST/STM32_USB_Device_Library/Class/HID/Src/usbd_hid.o
 .text.USBD_HID_DeInit
                0x080049fc       0x90 ./Middlewares/ST/STM32_USB_Device_Library/Class/HID/Src/usbd_hid.o
 .text.USBD_HID_Setup
                0x08004a8c      0x210 ./Middlewares/ST/STM32_USB_Device_Library/Class/HID/Src/usbd_hid.o
 .text.USBD_HID_SendReport
                0x08004c9c       0x60 ./Middlewares/ST/STM32_USB_Device_Library/Class/HID/Src/usbd_hid.o
                0x08004c9c                USBD_HID_SendReport
 .text.USBD_HID_GetFSCfgDesc
                0x08004cfc       0x34 ./Middlewares/ST/STM32_USB_Device_Library/Class/HID/Src/usbd_hid.o
 .text.USBD_HID_GetHSCfgDesc
                0x08004d30       0x34 ./Middlewares/ST/STM32_USB_Device_Library/Class/HID/Src/usbd_hid.o
 .text.USBD_HID_GetOtherSpeedCfgDesc
                0x08004d64       0x34 ./Middlewares/ST/STM32_USB_Device_Library/Class/HID/Src/usbd_hid.o
 .text.USBD_HID_DataIn
                0x08004d98       0x2c ./Middlewares/ST/STM32_USB_Device_Library/Class/HID/Src/usbd_hid.o
 .text.USBD_HID_GetDeviceQualifierDesc
                0x08004dc4       0x20 ./Middlewares/ST/STM32_USB_Device_Library/Class/HID/Src/usbd_hid.o
 .text.USBD_Init
                0x08004de4       0x60 ./Middlewares/ST/STM32_USB_Device_Library/Core/Src/usbd_core.o
                0x08004de4                USBD_Init
 .text.USBD_RegisterClass
                0x08004e44       0x6c ./Middlewares/ST/STM32_USB_Device_Library/Core/Src/usbd_core.o
                0x08004e44                USBD_RegisterClass
 .text.USBD_Start
                0x08004eb0       0x18 ./Middlewares/ST/STM32_USB_Device_Library/Core/Src/usbd_core.o
                0x08004eb0                USBD_Start
 .text.USBD_RunTestMode
                0x08004ec8       0x16 ./Middlewares/ST/STM32_USB_Device_Library/Core/Src/usbd_core.o
                0x08004ec8                USBD_RunTestMode
 .text.USBD_SetClassConfig
                0x08004ede       0x38 ./Middlewares/ST/STM32_USB_Device_Library/Core/Src/usbd_core.o
                0x08004ede                USBD_SetClassConfig
 .text.USBD_ClrClassConfig
                0x08004f16       0x34 ./Middlewares/ST/STM32_USB_Device_Library/Core/Src/usbd_core.o
                0x08004f16                USBD_ClrClassConfig
 .text.USBD_LL_SetupStage
                0x08004f4a       0xaa ./Middlewares/ST/STM32_USB_Device_Library/Core/Src/usbd_core.o
                0x08004f4a                USBD_LL_SetupStage
 .text.USBD_LL_DataOutStage
                0x08004ff4      0x178 ./Middlewares/ST/STM32_USB_Device_Library/Core/Src/usbd_core.o
                0x08004ff4                USBD_LL_DataOutStage
 .text.USBD_LL_DataInStage
                0x0800516c      0x176 ./Middlewares/ST/STM32_USB_Device_Library/Core/Src/usbd_core.o
                0x0800516c                USBD_LL_DataInStage
 .text.USBD_LL_Reset
                0x080052e2       0xa6 ./Middlewares/ST/STM32_USB_Device_Library/Core/Src/usbd_core.o
                0x080052e2                USBD_LL_Reset
 .text.USBD_LL_SetSpeed
                0x08005388       0x20 ./Middlewares/ST/STM32_USB_Device_Library/Core/Src/usbd_core.o
                0x08005388                USBD_LL_SetSpeed
 .text.USBD_LL_Suspend
                0x080053a8       0x38 ./Middlewares/ST/STM32_USB_Device_Library/Core/Src/usbd_core.o
                0x080053a8                USBD_LL_Suspend
 .text.USBD_LL_Resume
                0x080053e0       0x30 ./Middlewares/ST/STM32_USB_Device_Library/Core/Src/usbd_core.o
                0x080053e0                USBD_LL_Resume
 .text.USBD_LL_SOF
                0x08005410       0x40 ./Middlewares/ST/STM32_USB_Device_Library/Core/Src/usbd_core.o
                0x08005410                USBD_LL_SOF
 .text.USBD_LL_IsoINIncomplete
                0x08005450       0x64 ./Middlewares/ST/STM32_USB_Device_Library/Core/Src/usbd_core.o
                0x08005450                USBD_LL_IsoINIncomplete
 .text.USBD_LL_IsoOUTIncomplete
                0x080054b4       0x64 ./Middlewares/ST/STM32_USB_Device_Library/Core/Src/usbd_core.o
                0x080054b4                USBD_LL_IsoOUTIncomplete
 .text.USBD_LL_DevConnected
                0x08005518       0x16 ./Middlewares/ST/STM32_USB_Device_Library/Core/Src/usbd_core.o
                0x08005518                USBD_LL_DevConnected
 .text.USBD_LL_DevDisconnected
                0x0800552e       0x46 ./Middlewares/ST/STM32_USB_Device_Library/Core/Src/usbd_core.o
                0x0800552e                USBD_LL_DevDisconnected
 .text.USBD_CoreFindIF
                0x08005574       0x1a ./Middlewares/ST/STM32_USB_Device_Library/Core/Src/usbd_core.o
                0x08005574                USBD_CoreFindIF
 .text.USBD_CoreFindEP
                0x0800558e       0x1a ./Middlewares/ST/STM32_USB_Device_Library/Core/Src/usbd_core.o
                0x0800558e                USBD_CoreFindEP
 .text.USBD_GetEpDesc
                0x080055a8       0x70 ./Middlewares/ST/STM32_USB_Device_Library/Core/Src/usbd_core.o
                0x080055a8                USBD_GetEpDesc
 .text.USBD_GetNextDesc
                0x08005618       0x38 ./Middlewares/ST/STM32_USB_Device_Library/Core/Src/usbd_core.o
                0x08005618                USBD_GetNextDesc
 .text.SWAPBYTE
                0x08005650       0x3e ./Middlewares/ST/STM32_USB_Device_Library/Core/Src/usbd_ctlreq.o
 *fill*         0x0800568e        0x2 
 .text.USBD_StdDevReq
                0x08005690       0xe4 ./Middlewares/ST/STM32_USB_Device_Library/Core/Src/usbd_ctlreq.o
                0x08005690                USBD_StdDevReq
 .text.USBD_StdItfReq
                0x08005774       0xd8 ./Middlewares/ST/STM32_USB_Device_Library/Core/Src/usbd_ctlreq.o
                0x08005774                USBD_StdItfReq
 .text.USBD_StdEPReq
                0x0800584c      0x33e ./Middlewares/ST/STM32_USB_Device_Library/Core/Src/usbd_ctlreq.o
                0x0800584c                USBD_StdEPReq
 *fill*         0x08005b8a        0x2 
 .text.USBD_GetDescriptor
                0x08005b8c      0x2d4 ./Middlewares/ST/STM32_USB_Device_Library/Core/Src/usbd_ctlreq.o
 .text.USBD_SetAddress
                0x08005e60       0x88 ./Middlewares/ST/STM32_USB_Device_Library/Core/Src/usbd_ctlreq.o
 .text.USBD_SetConfig
                0x08005ee8      0x154 ./Middlewares/ST/STM32_USB_Device_Library/Core/Src/usbd_ctlreq.o
 .text.USBD_GetConfig
                0x0800603c       0x6c ./Middlewares/ST/STM32_USB_Device_Library/Core/Src/usbd_ctlreq.o
 .text.USBD_GetStatus
                0x080060a8       0x68 ./Middlewares/ST/STM32_USB_Device_Library/Core/Src/usbd_ctlreq.o
 .text.USBD_SetFeature
                0x08006110       0x52 ./Middlewares/ST/STM32_USB_Device_Library/Core/Src/usbd_ctlreq.o
 .text.USBD_ClrFeature
                0x08006162       0x44 ./Middlewares/ST/STM32_USB_Device_Library/Core/Src/usbd_ctlreq.o
 .text.USBD_ParseSetupRequest
                0x080061a6       0x74 ./Middlewares/ST/STM32_USB_Device_Library/Core/Src/usbd_ctlreq.o
                0x080061a6                USBD_ParseSetupRequest
 .text.USBD_CtlError
                0x0800621a       0x22 ./Middlewares/ST/STM32_USB_Device_Library/Core/Src/usbd_ctlreq.o
                0x0800621a                USBD_CtlError
 .text.USBD_GetString
                0x0800623c       0xa4 ./Middlewares/ST/STM32_USB_Device_Library/Core/Src/usbd_ctlreq.o
                0x0800623c                USBD_GetString
 .text.USBD_GetLen
                0x080062e0       0x34 ./Middlewares/ST/STM32_USB_Device_Library/Core/Src/usbd_ctlreq.o
 .text.USBD_CtlSendData
                0x08006314       0x3c ./Middlewares/ST/STM32_USB_Device_Library/Core/Src/usbd_ioreq.o
                0x08006314                USBD_CtlSendData
 .text.USBD_CtlContinueSendData
                0x08006350       0x22 ./Middlewares/ST/STM32_USB_Device_Library/Core/Src/usbd_ioreq.o
                0x08006350                USBD_CtlContinueSendData
 .text.USBD_CtlContinueRx
                0x08006372       0x22 ./Middlewares/ST/STM32_USB_Device_Library/Core/Src/usbd_ioreq.o
                0x08006372                USBD_CtlContinueRx
 .text.USBD_CtlSendStatus
                0x08006394       0x26 ./Middlewares/ST/STM32_USB_Device_Library/Core/Src/usbd_ioreq.o
                0x08006394                USBD_CtlSendStatus
 .text.USBD_CtlReceiveStatus
                0x080063ba       0x26 ./Middlewares/ST/STM32_USB_Device_Library/Core/Src/usbd_ioreq.o
                0x080063ba                USBD_CtlReceiveStatus
 .text.MX_USB_DEVICE_Init
                0x080063e0       0x4c ./USB_DEVICE/App/usb_device.o
                0x080063e0                MX_USB_DEVICE_Init
 .text.USBD_FS_DeviceDescriptor
                0x0800642c       0x24 ./USB_DEVICE/App/usbd_desc.o
                0x0800642c                USBD_FS_DeviceDescriptor
 .text.USBD_FS_LangIDStrDescriptor
                0x08006450       0x24 ./USB_DEVICE/App/usbd_desc.o
                0x08006450                USBD_FS_LangIDStrDescriptor
 .text.USBD_FS_ProductStrDescriptor
                0x08006474       0x3c ./USB_DEVICE/App/usbd_desc.o
                0x08006474                USBD_FS_ProductStrDescriptor
 .text.USBD_FS_ManufacturerStrDescriptor
                0x080064b0       0x28 ./USB_DEVICE/App/usbd_desc.o
                0x080064b0                USBD_FS_ManufacturerStrDescriptor
 .text.USBD_FS_SerialStrDescriptor
                0x080064d8       0x24 ./USB_DEVICE/App/usbd_desc.o
                0x080064d8                USBD_FS_SerialStrDescriptor
 .text.USBD_FS_ConfigStrDescriptor
                0x080064fc       0x3c ./USB_DEVICE/App/usbd_desc.o
                0x080064fc                USBD_FS_ConfigStrDescriptor
 .text.USBD_FS_InterfaceStrDescriptor
                0x08006538       0x3c ./USB_DEVICE/App/usbd_desc.o
                0x08006538                USBD_FS_InterfaceStrDescriptor
 .text.Get_SerialNum
                0x08006574       0x58 ./USB_DEVICE/App/usbd_desc.o
 .text.IntToUnicode
                0x080065cc       0x7e ./USB_DEVICE/App/usbd_desc.o
 *fill*         0x0800664a        0x2 
 .text.HAL_PCD_MspInit
                0x0800664c       0xa8 ./USB_DEVICE/Target/usbd_conf.o
                0x0800664c                HAL_PCD_MspInit
 .text.HAL_PCD_SetupStageCallback
                0x080066f4       0x24 ./USB_DEVICE/Target/usbd_conf.o
                0x080066f4                HAL_PCD_SetupStageCallback
 .text.HAL_PCD_DataOutStageCallback
                0x08006718       0x36 ./USB_DEVICE/Target/usbd_conf.o
                0x08006718                HAL_PCD_DataOutStageCallback
 .text.HAL_PCD_DataInStageCallback
                0x0800674e       0x34 ./USB_DEVICE/Target/usbd_conf.o
                0x0800674e                HAL_PCD_DataInStageCallback
 .text.HAL_PCD_SOFCallback
                0x08006782       0x1c ./USB_DEVICE/Target/usbd_conf.o
                0x08006782                HAL_PCD_SOFCallback
 .text.HAL_PCD_ResetCallback
                0x0800679e       0x3c ./USB_DEVICE/Target/usbd_conf.o
                0x0800679e                HAL_PCD_ResetCallback
 *fill*         0x080067da        0x2 
 .text.HAL_PCD_SuspendCallback
                0x080067dc       0x4c ./USB_DEVICE/Target/usbd_conf.o
                0x080067dc                HAL_PCD_SuspendCallback
 .text.HAL_PCD_ResumeCallback
                0x08006828       0x1c ./USB_DEVICE/Target/usbd_conf.o
                0x08006828                HAL_PCD_ResumeCallback
 .text.HAL_PCD_ISOOUTIncompleteCallback
                0x08006844       0x24 ./USB_DEVICE/Target/usbd_conf.o
                0x08006844                HAL_PCD_ISOOUTIncompleteCallback
 .text.HAL_PCD_ISOINIncompleteCallback
                0x08006868       0x24 ./USB_DEVICE/Target/usbd_conf.o
                0x08006868                HAL_PCD_ISOINIncompleteCallback
 .text.HAL_PCD_ConnectCallback
                0x0800688c       0x1c ./USB_DEVICE/Target/usbd_conf.o
                0x0800688c                HAL_PCD_ConnectCallback
 .text.HAL_PCD_DisconnectCallback
                0x080068a8       0x1c ./USB_DEVICE/Target/usbd_conf.o
                0x080068a8                HAL_PCD_DisconnectCallback
 .text.USBD_LL_Init
                0x080068c4       0x98 ./USB_DEVICE/Target/usbd_conf.o
                0x080068c4                USBD_LL_Init
 .text.USBD_LL_Start
                0x0800695c       0x36 ./USB_DEVICE/Target/usbd_conf.o
                0x0800695c                USBD_LL_Start
 .text.USBD_LL_OpenEP
                0x08006992       0x4c ./USB_DEVICE/Target/usbd_conf.o
                0x08006992                USBD_LL_OpenEP
 .text.USBD_LL_CloseEP
                0x080069de       0x3e ./USB_DEVICE/Target/usbd_conf.o
                0x080069de                USBD_LL_CloseEP
 .text.USBD_LL_StallEP
                0x08006a1c       0x3e ./USB_DEVICE/Target/usbd_conf.o
                0x08006a1c                USBD_LL_StallEP
 .text.USBD_LL_ClearStallEP
                0x08006a5a       0x3e ./USB_DEVICE/Target/usbd_conf.o
                0x08006a5a                USBD_LL_ClearStallEP
 .text.USBD_LL_IsStallEP
                0x08006a98       0x58 ./USB_DEVICE/Target/usbd_conf.o
                0x08006a98                USBD_LL_IsStallEP
 .text.USBD_LL_SetUSBAddress
                0x08006af0       0x3e ./USB_DEVICE/Target/usbd_conf.o
                0x08006af0                USBD_LL_SetUSBAddress
 .text.USBD_LL_Transmit
                0x08006b2e       0x42 ./USB_DEVICE/Target/usbd_conf.o
                0x08006b2e                USBD_LL_Transmit
 .text.USBD_LL_PrepareReceive
                0x08006b70       0x42 ./USB_DEVICE/Target/usbd_conf.o
                0x08006b70                USBD_LL_PrepareReceive
 *fill*         0x08006bb2        0x2 
 .text.USBD_static_malloc
                0x08006bb4       0x1c ./USB_DEVICE/Target/usbd_conf.o
                0x08006bb4                USBD_static_malloc
 .text.USBD_static_free
                0x08006bd0       0x14 ./USB_DEVICE/Target/usbd_conf.o
                0x08006bd0                USBD_static_free
 .text.USBD_Get_USB_Status
                0x08006be4       0x58 ./USB_DEVICE/Target/usbd_conf.o
                0x08006be4                USBD_Get_USB_Status
 .text.memset   0x08006c3c       0x10 C:/ST/STM32CubeIDE_1.15.1/STM32CubeIDE/plugins/com.st.stm32cube.ide.mcu.externaltools.gnu-tools-for-stm32.13.3.rel1.win32_1.0.100.202509120712/tools/bin/../lib/gcc/arm-none-eabi/13.3.1/../../../../arm-none-eabi/lib/thumb/v7e-m+fp/hard\libc_nano.a(libc_a-memset.o)
                0x08006c3c                memset
 .text.__libc_init_array
                0x08006c4c       0x48 C:/ST/STM32CubeIDE_1.15.1/STM32CubeIDE/plugins/com.st.stm32cube.ide.mcu.externaltools.gnu-tools-for-stm32.13.3.rel1.win32_1.0.100.202509120712/tools/bin/../lib/gcc/arm-none-eabi/13.3.1/../../../../arm-none-eabi/lib/thumb/v7e-m+fp/hard\libc_nano.a(libc_a-init.o)
                0x08006c4c                __libc_init_array
 *(.glue_7)
 .glue_7        0x08006c94        0x0 linker stubs
 *(.glue_7t)
 .glue_7t       0x08006c94        0x0 linker stubs
 *(.eh_frame)
 .eh_frame      0x08006c94        0x0 C:/ST/STM32CubeIDE_1.15.1/STM32CubeIDE/plugins/com.st.stm32cube.ide.mcu.externaltools.gnu-tools-for-stm32.13.3.rel1.win32_1.0.100.202509120712/tools/bin/../lib/gcc/arm-none-eabi/13.3.1/thumb/v7e-m+fp/hard/crtbegin.o
 *(.init)
 .init          0x08006c94        0x4 C:/ST/STM32CubeIDE_1.15.1/STM32CubeIDE/plugins/com.st.stm32cube.ide.mcu.externaltools.gnu-tools-for-stm32.13.3.rel1.win32_1.0.100.202509120712/tools/bin/../lib/gcc/arm-none-eabi/13.3.1/thumb/v7e-m+fp/hard/crti.o
                0x08006c94                _init
 .init          0x08006c98        0x8 C:/ST/STM32CubeIDE_1.15.1/STM32CubeIDE/plugins/com.st.stm32cube.ide.mcu.externaltools.gnu-tools-for-stm32.13.3.rel1.win32_1.0.100.202509120712/tools/bin/../lib/gcc/arm-none-eabi/13.3.1/thumb/v7e-m+fp/hard/crtn.o
 *(.fini)
 .fini          0x08006ca0        0x4 C:/ST/STM32CubeIDE_1.15.1/STM32CubeIDE/plugins/com.st.stm32cube.ide.mcu.externaltools.gnu-tools-for-stm32.13.3.rel1.win32_1.0.100.202509120712/tools/bin/../lib/gcc/arm-none-eabi/13.3.1/thumb/v7e-m+fp/hard/crti.o
                0x08006ca0                _fini
 .fini          0x08006ca4        0x8 C:/ST/STM32CubeIDE_1.15.1/STM32CubeIDE/plugins/com.st.stm32cube.ide.mcu.externaltools.gnu-tools-for-stm32.13.3.rel1.win32_1.0.100.202509120712/tools/bin/../lib/gcc/arm-none-eabi/13.3.1/thumb/v7e-m+fp/hard/crtn.o
                0x08006cac                        . = ALIGN (0x4)
                0x08006cac                        _etext = .

.vfp11_veneer   0x08006cac        0x0
 .vfp11_veneer  0x08006cac        0x0 linker stubs

.v4_bx          0x08006cac        0x0
 .v4_bx         0x08006cac        0x0 linker stubs

.iplt           0x08006cac        0x0
 .iplt          0x08006cac        0x0 C:/ST/STM32CubeIDE_1.15.1/STM32CubeIDE/plugins/com.st.stm32cube.ide.mcu.externaltools.gnu-tools-for-stm32.13.3.rel1.win32_1.0.100.202509120712/tools/bin/../lib/gcc/arm-none-eabi/13.3.1/thumb/v7e-m+fp/hard/crtbegin.o

.rodata         0x08006cac       0x5c
                0x08006cac                        . = ALIGN (0x4)
 *(.rodata)
 .rodata        0x08006cac       0x42 ./USB_DEVICE/App/usbd_desc.o
 *(.rodata*)
 *fill*         0x08006cee        0x2 
 .rodata.AHBPrescTable
                0x08006cf0       0x10 ./Core/Src/system_stm32f4xx.o
                0x08006cf0                AHBPrescTable
 .rodata.APBPrescTable
                0x08006d00        0x8 ./Core/Src/system_stm32f4xx.o
                0x08006d00                APBPrescTable
                0x08006d08                        . = ALIGN (0x4)

.ARM.extab      0x08006d08        0x0
                0x08006d08                        . = ALIGN (0x4)
 *(.ARM.extab* .gnu.linkonce.armextab.*)
                0x08006d08                        . = ALIGN (0x4)

.ARM            0x08006d08        0x8
                0x08006d08                        . = ALIGN (0x4)
                0x08006d08                        __exidx_start = .
 *(.ARM.exidx*)
 .ARM.exidx     0x08006d08        0x8 C:/ST/STM32CubeIDE_1.15.1/STM32CubeIDE/plugins/com.st.stm32cube.ide.mcu.externaltools.gnu-tools-for-stm32.13.3.rel1.win32_1.0.100.202509120712/tools/bin/../lib/gcc/arm-none-eabi/13.3.1/thumb/v7e-m+fp/hard\libgcc.a(_udivmoddi4.o)
                0x08006d10                        __exidx_end = .
                0x08006d10                        . = ALIGN (0x4)

.preinit_array  0x08006d10        0x0
                0x08006d10                        . = ALIGN (0x4)
                0x08006d10                        PROVIDE (__preinit_array_start = .)
 *(.preinit_array*)
                0x08006d10                        PROVIDE (__preinit_array_end = .)
                0x08006d10                        . = ALIGN (0x4)

.init_array     0x08006d10        0x4
                0x08006d10                        . = ALIGN (0x4)
                0x08006d10                        PROVIDE (__init_array_start = .)
 *(SORT_BY_NAME(.init_array.*))
 *(.init_array*)
 .init_array    0x08006d10        0x4 C:/ST/STM32CubeIDE_1.15.1/STM32CubeIDE/plugins/com.st.stm32cube.ide.mcu.externaltools.gnu-tools-for-stm32.13.3.rel1.win32_1.0.100.202509120712/tools/bin/../lib/gcc/arm-none-eabi/13.3.1/thumb/v7e-m+fp/hard/crtbegin.o
                0x08006d14                        PROVIDE (__init_array_end = .)
                0x08006d14                        . = ALIGN (0x4)

.fini_array     0x08006d14        0x4
                0x08006d14                        . = ALIGN (0x4)
                [!provide]                        PROVIDE (__fini_array_start = .)
 *(SORT_BY_NAME(.fini_array.*))
 *(.fini_array*)
 .fini_array    0x08006d14        0x4 C:/ST/STM32CubeIDE_1.15.1/STM32CubeIDE/plugins/com.st.stm32cube.ide.mcu.externaltools.gnu-tools-for-stm32.13.3.rel1.win32_1.0.100.202509120712/tools/bin/../lib/gcc/arm-none-eabi/13.3.1/thumb/v7e-m+fp/hard/crtbegin.o
                [!provide]                        PROVIDE (__fini_array_end = .)
                0x08006d18                        . = ALIGN (0x4)
                0x08006d18                        _sidata = LOADADDR (.data)

.rel.dyn        0x08006d18        0x0
 .rel.iplt      0x08006d18        0x0 C:/ST/STM32CubeIDE_1.15.1/STM32CubeIDE/plugins/com.st.stm32cube.ide.mcu.externaltools.gnu-tools-for-stm32.13.3.rel1.win32_1.0.100.202509120712/tools/bin/../lib/gcc/arm-none-eabi/13.3.1/thumb/v7e-m+fp/hard/crtbegin.o

.data           0x20000000      0x160 load address 0x08006d18
                0x20000000                        . = ALIGN (0x4)
                0x20000000                        _sdata = .
 *(.data)
 *(.data*)
 .data.MASK_Table
                0x20000000       0x18 ./Core/Src/main.o
                0x20000000                MASK_Table
 .data.MASK_KEYMAP
                0x20000018       0x34 ./Core/Src/main.o
                0x20000018                MASK_KEYMAP
 .data.last_GPIO_MASK.0
                0x2000004c        0x2 ./Core/Src/main.o
 *fill*         0x2000004e        0x2 
 .data.SystemCoreClock
                0x20000050        0x4 ./Core/Src/system_stm32f4xx.o
                0x20000050                SystemCoreClock
 .data.uwTickPrio
                0x20000054        0x4 ./Drivers/STM32F4xx_HAL_Driver/Src/stm32f4xx_hal.o
                0x20000054                uwTickPrio
 .data.uwTickFreq
                0x20000058        0x1 ./Drivers/STM32F4xx_HAL_Driver/Src/stm32f4xx_hal.o
                0x20000058                uwTickFreq
 *fill*         0x20000059        0x3 
 .data.USBD_HID
                0x2000005c       0x38 ./Middlewares/ST/STM32_USB_Device_Library/Class/HID/Src/usbd_hid.o
                0x2000005c                USBD_HID
 .data.USBD_HID_CfgDesc
                0x20000094       0x22 ./Middlewares/ST/STM32_USB_Device_Library/Class/HID/Src/usbd_hid.o
 *fill*         0x200000b6        0x2 
 .data.USBD_HID_Desc
                0x200000b8        0x9 ./Middlewares/ST/STM32_USB_Device_Library/Class/HID/Src/usbd_hid.o
 *fill*         0x200000c1        0x3 
 .data.USBD_HID_DeviceQualifierDesc
                0x200000c4        0xa ./Middlewares/ST/STM32_USB_Device_Library/Class/HID/Src/usbd_hid.o
 *fill*         0x200000ce        0x2 
 .data.HID_MOUSE_ReportDesc
                0x200000d0       0x3f ./Middlewares/ST/STM32_USB_Device_Library/Class/HID/Src/usbd_hid.o
 .data.HIDInEpAdd
                0x2000010f        0x1 ./Middlewares/ST/STM32_USB_Device_Library/Class/HID/Src/usbd_hid.o
 .data.FS_Desc  0x20000110       0x1c ./USB_DEVICE/App/usbd_desc.o
                0x20000110                FS_Desc
 .data.USBD_FS_DeviceDesc
                0x2000012c       0x12 ./USB_DEVICE/App/usbd_desc.o
                0x2000012c                USBD_FS_DeviceDesc
 *fill*         0x2000013e        0x2 
 .data.USBD_LangIDDesc
                0x20000140        0x4 ./USB_DEVICE/App/usbd_desc.o
                0x20000140                USBD_LangIDDesc
 .data.USBD_StringSerial
                0x20000144       0x1a ./USB_DEVICE/App/usbd_desc.o
                0x20000144                USBD_StringSerial
 *(.RamFunc)
 *(.RamFunc*)
                0x20000160                        . = ALIGN (0x4)
 *fill*         0x2000015e        0x2 
                0x20000160                        _edata = .

.igot.plt       0x20000160        0x0 load address 0x08006e78
 .igot.plt      0x20000160        0x0 C:/ST/STM32CubeIDE_1.15.1/STM32CubeIDE/plugins/com.st.stm32cube.ide.mcu.externaltools.gnu-tools-for-stm32.13.3.rel1.win32_1.0.100.202509120712/tools/bin/../lib/gcc/arm-none-eabi/13.3.1/thumb/v7e-m+fp/hard/crtbegin.o
                0x20000160                        . = ALIGN (0x4)

.bss            0x20000160      0xab0 load address 0x08006e78
                0x20000160                        _sbss = .
                0x20000160                        __bss_start__ = _sbss
 *(.bss)
 .bss           0x20000160       0x1c C:/ST/STM32CubeIDE_1.15.1/STM32CubeIDE/plugins/com.st.stm32cube.ide.mcu.externaltools.gnu-tools-for-stm32.13.3.rel1.win32_1.0.100.202509120712/tools/bin/../lib/gcc/arm-none-eabi/13.3.1/thumb/v7e-m+fp/hard/crtbegin.o
 *(.bss*)
 .bss.hi2c1     0x2000017c       0x54 ./Core/Src/main.o
                0x2000017c                hi2c1
 .bss.hspi5     0x200001d0       0x58 ./Core/Src/main.o
                0x200001d0                hspi5
 .bss.KeyHIDRepStruct
                0x20000228        0x8 ./Core/Src/main.o
                0x20000228                KeyHIDRepStruct
 .bss.GPIO_MASK
                0x20000230        0x2 ./Core/Src/main.o
                0x20000230                GPIO_MASK
 *fill*         0x20000232        0x2 
 .bss.uwTick    0x20000234        0x4 ./Drivers/STM32F4xx_HAL_Driver/Src/stm32f4xx_hal.o
                0x20000234                uwTick
 .bss.cfgidx.0  0x20000238        0x1 ./Middlewares/ST/STM32_USB_Device_Library/Core/Src/usbd_ctlreq.o
 *fill*         0x20000239        0x3 
 .bss.hUsbDeviceFS
                0x2000023c      0x2dc ./USB_DEVICE/App/usb_device.o
                0x2000023c                hUsbDeviceFS
 .bss.USBD_StrDesc
                0x20000518      0x200 ./USB_DEVICE/App/usbd_desc.o
                0x20000518                USBD_StrDesc
 .bss.hpcd_USB_OTG_FS
                0x20000718      0x4e4 ./USB_DEVICE/Target/usbd_conf.o
                0x20000718                hpcd_USB_OTG_FS
 .bss.mem.0     0x20000bfc       0x14 ./USB_DEVICE/Target/usbd_conf.o
 *(COMMON)
                0x20000c10                        . = ALIGN (0x4)
                0x20000c10                        _ebss = .
                0x20000c10                        __bss_end__ = _ebss

._user_heap_stack
                0x20000c10      0x600 load address 0x08006e78
                0x20000c10                        . = ALIGN (0x8)
                [!provide]                        PROVIDE (end = .)
                0x20000c10                        PROVIDE (_end = .)
                0x20000e10                        . = (. + _Min_Heap_Size)
 *fill*         0x20000c10      0x200 
                0x20001210                        . = (. + _Min_Stack_Size)
 *fill*         0x20000e10      0x400 
                0x20001210                        . = ALIGN (0x8)

/DISCARD/
 libc.a(*)
 libm.a(*)
 libgcc.a(*)

.ARM.attributes
                0x00000000       0x30
 *(.ARM.attributes)
 .ARM.attributes
                0x00000000       0x22 C:/ST/STM32CubeIDE_1.15.1/STM32CubeIDE/plugins/com.st.stm32cube.ide.mcu.externaltools.gnu-tools-for-stm32.13.3.rel1.win32_1.0.100.202509120712/tools/bin/../lib/gcc/arm-none-eabi/13.3.1/thumb/v7e-m+fp/hard/crti.o
 .ARM.attributes
                0x00000022       0x34 C:/ST/STM32CubeIDE_1.15.1/STM32CubeIDE/plugins/com.st.stm32cube.ide.mcu.externaltools.gnu-tools-for-stm32.13.3.rel1.win32_1.0.100.202509120712/tools/bin/../lib/gcc/arm-none-eabi/13.3.1/thumb/v7e-m+fp/hard/crtbegin.o
 .ARM.attributes
                0x00000056       0x34 ./Core/Src/macropad.o
 .ARM.attributes
                0x0000008a       0x34 ./Core/Src/main.o
 .ARM.attributes
                0x000000be       0x34 ./Core/Src/stm32f4xx_hal_msp.o
 .ARM.attributes
                0x000000f2       0x34 ./Core/Src/stm32f4xx_it.o
 .ARM.attributes
                0x00000126       0x34 ./Core/Src/system_stm32f4xx.o
 .ARM.attributes
                0x0000015a       0x21 ./Core/Startup/startup_stm32f411ccux.o
 .ARM.attributes
                0x0000017b       0x34 ./Drivers/STM32F4xx_HAL_Driver/Src/stm32f4xx_hal.o
 .ARM.attributes
                0x000001af       0x34 ./Drivers/STM32F4xx_HAL_Driver/Src/stm32f4xx_hal_cortex.o
 .ARM.attributes
                0x000001e3       0x34 ./Drivers/STM32F4xx_HAL_Driver/Src/stm32f4xx_hal_gpio.o
 .ARM.attributes
                0x00000217       0x34 ./Drivers/STM32F4xx_HAL_Driver/Src/stm32f4xx_hal_i2c.o
 .ARM.attributes
                0x0000024b       0x34 ./Drivers/STM32F4xx_HAL_Driver/Src/stm32f4xx_hal_pcd.o
 .ARM.attributes
                0x0000027f       0x34 ./Drivers/STM32F4xx_HAL_Driver/Src/stm32f4xx_hal_pcd_ex.o
 .ARM.attributes
                0x000002b3       0x34 ./Drivers/STM32F4xx_HAL_Driver/Src/stm32f4xx_hal_rcc.o
 .ARM.attributes
                0x000002e7       0x34 ./Drivers/STM32F4xx_HAL_Driver/Src/stm32f4xx_hal_spi.o
 .ARM.attributes
                0x0000031b       0x34 ./Drivers/STM32F4xx_HAL_Driver/Src/stm32f4xx_ll_usb.o
 .ARM.attributes
                0x0000034f       0x34 ./Middlewares/ST/STM32_USB_Device_Library/Class/HID/Src/usbd_hid.o
 .ARM.attributes
                0x00000383       0x34 ./Middlewares/ST/STM32_USB_Device_Library/Core/Src/usbd_core.o
 .ARM.attributes
                0x000003b7       0x34 ./Middlewares/ST/STM32_USB_Device_Library/Core/Src/usbd_ctlreq.o
 .ARM.attributes
                0x000003eb       0x34 ./Middlewares/ST/STM32_USB_Device_Library/Core/Src/usbd_ioreq.o
 .ARM.attributes
                0x0000041f       0x34 ./USB_DEVICE/App/usb_device.o
 .ARM.attributes
                0x00000453       0x34 ./USB_DEVICE/App/usbd_desc.o
 .ARM.attributes
                0x00000487       0x34 ./USB_DEVICE/Target/usbd_conf.o
 .ARM.attributes
                0x000004bb       0x34 C:/ST/STM32CubeIDE_1.15.1/STM32CubeIDE/plugins/com.st.stm32cube.ide.mcu.externaltools.gnu-tools-for-stm32.13.3.rel1.win32_1.0.100.202509120712/tools/bin/../lib/gcc/arm-none-eabi/13.3.1/../../../../arm-none-eabi/lib/thumb/v7e-m+fp/hard\libc_nano.a(libc_a-memset.o)
 .ARM.attributes
                0x000004ef       0x34 C:/ST/STM32CubeIDE_1.15.1/STM32CubeIDE/plugins/com.st.stm32cube.ide.mcu.externaltools.gnu-tools-for-stm32.13.3.rel1.win32_1.0.100.202509120712/tools/bin/../lib/gcc/arm-none-eabi/13.3.1/../../../../arm-none-eabi/lib/thumb/v7e-m+fp/hard\libc_nano.a(libc_a-init.o)
 .ARM.attributes
                0x00000523       0x22 C:/ST/STM32CubeIDE_1.15.1/STM32CubeIDE/plugins/com.st.stm32cube.ide.mcu.externaltools.gnu-tools-for-stm32.13.3.rel1.win32_1.0.100.202509120712/tools/bin/../lib/gcc/arm-none-eabi/13.3.1/thumb/v7e-m+fp/hard\libgcc.a(_aeabi_uldivmod.o)
 .ARM.attributes
                0x00000545       0x34 C:/ST/STM32CubeIDE_1.15.1/STM32CubeIDE/plugins/com.st.stm32cube.ide.mcu.externaltools.gnu-tools-for-stm32.13.3.rel1.win32_1.0.100.202509120712/tools/bin/../lib/gcc/arm-none-eabi/13.3.1/thumb/v7e-m+fp/hard\libgcc.a(_udivmoddi4.o)
 .ARM.attributes
                0x00000579       0x22 C:/ST/STM32CubeIDE_1.15.1/STM32CubeIDE/plugins/com.st.stm32cube.ide.mcu.externaltools.gnu-tools-for-stm32.13.3.rel1.win32_1.0.100.202509120712/tools/bin/../lib/gcc/arm-none-eabi/13.3.1/thumb/v7e-m+fp/hard\libgcc.a(_dvmd_tls.o)
 .ARM.attributes
                0x0000059b       0x22 C:/ST/STM32CubeIDE_1.15.1/STM32CubeIDE/plugins/com.st.stm32cube.ide.mcu.externaltools.gnu-tools-for-stm32.13.3.rel1.win32_1.0.100.202509120712/tools/bin/../lib/gcc/arm-none-eabi/13.3.1/thumb/v7e-m+fp/hard/crtn.o
OUTPUT(Macropad.elf elf32-littlearm)
LOAD linker stubs
LOAD C:/ST/STM32CubeIDE_1.15.1/STM32CubeIDE/plugins/com.st.stm32cube.ide.mcu.externaltools.gnu-tools-for-stm32.13.3.rel1.win32_1.0.100.202509120712/tools/bin/../lib/gcc/arm-none-eabi/13.3.1/../../../../arm-none-eabi/lib/thumb/v7e-m+fp/hard\libc.a
LOAD C:/ST/STM32CubeIDE_1.15.1/STM32CubeIDE/plugins/com.st.stm32cube.ide.mcu.externaltools.gnu-tools-for-stm32.13.3.rel1.win32_1.0.100.202509120712/tools/bin/../lib/gcc/arm-none-eabi/13.3.1/../../../../arm-none-eabi/lib/thumb/v7e-m+fp/hard\libm.a
LOAD C:/ST/STM32CubeIDE_1.15.1/STM32CubeIDE/plugins/com.st.stm32cube.ide.mcu.externaltools.gnu-tools-for-stm32.13.3.rel1.win32_1.0.100.202509120712/tools/bin/../lib/gcc/arm-none-eabi/13.3.1/thumb/v7e-m+fp/hard\libgcc.a

.debug_info     0x00000000    0x11518
 .debug_info    0x00000000      0x18b ./Core/Src/macropad.o
 .debug_info    0x0000018b     0x1522 ./Core/Src/main.o
 .debug_info    0x000016ad      0xc88 ./Core/Src/stm32f4xx_hal_msp.o
 .debug_info    0x00002335      0x627 ./Core/Src/stm32f4xx_it.o
 .debug_info    0x0000295c      0x53e ./Core/Src/system_stm32f4xx.o
 .debug_info    0x00002e9a       0x30 ./Core/Startup/startup_stm32f411ccux.o
 .debug_info    0x00002eca      0x8c4 ./Drivers/STM32F4xx_HAL_Driver/Src/stm32f4xx_hal.o
 .debug_info    0x0000378e      0xcfc ./Drivers/STM32F4xx_HAL_Driver/Src/stm32f4xx_hal_cortex.o
 .debug_info    0x0000448a      0x6f9 ./Drivers/STM32F4xx_HAL_Driver/Src/stm32f4xx_hal_gpio.o
 .debug_info    0x00004b83     0x2426 ./Drivers/STM32F4xx_HAL_Driver/Src/stm32f4xx_hal_i2c.o
 .debug_info    0x00006fa9     0x1577 ./Drivers/STM32F4xx_HAL_Driver/Src/stm32f4xx_hal_pcd.o
 .debug_info    0x00008520      0x6ea ./Drivers/STM32F4xx_HAL_Driver/Src/stm32f4xx_hal_pcd_ex.o
 .debug_info    0x00008c0a      0x904 ./Drivers/STM32F4xx_HAL_Driver/Src/stm32f4xx_hal_rcc.o
 .debug_info    0x0000950e     0x1530 ./Drivers/STM32F4xx_HAL_Driver/Src/stm32f4xx_hal_spi.o
 .debug_info    0x0000aa3e     0x1993 ./Drivers/STM32F4xx_HAL_Driver/Src/stm32f4xx_ll_usb.o
 .debug_info    0x0000c3d1      0xa91 ./Middlewares/ST/STM32_USB_Device_Library/Class/HID/Src/usbd_hid.o
 .debug_info    0x0000ce62      0xe12 ./Middlewares/ST/STM32_USB_Device_Library/Core/Src/usbd_core.o
 .debug_info    0x0000dc74      0xaeb ./Middlewares/ST/STM32_USB_Device_Library/Core/Src/usbd_ctlreq.o
 .debug_info    0x0000e75f      0x762 ./Middlewares/ST/STM32_USB_Device_Library/Core/Src/usbd_ioreq.o
 .debug_info    0x0000eec1      0x5fc ./USB_DEVICE/App/usb_device.o
 .debug_info    0x0000f4bd      0x458 ./USB_DEVICE/App/usbd_desc.o
 .debug_info    0x0000f915     0x1c03 ./USB_DEVICE/Target/usbd_conf.o

.debug_abbrev   0x00000000     0x2e8c
 .debug_abbrev  0x00000000       0xc4 ./Core/Src/macropad.o
 .debug_abbrev  0x000000c4      0x2fd ./Core/Src/main.o
 .debug_abbrev  0x000003c1      0x1ac ./Core/Src/stm32f4xx_hal_msp.o
 .debug_abbrev  0x0000056d      0x1a4 ./Core/Src/stm32f4xx_it.o
 .debug_abbrev  0x00000711      0x11a ./Core/Src/system_stm32f4xx.o
 .debug_abbrev  0x0000082b       0x24 ./Core/Startup/startup_stm32f411ccux.o
 .debug_abbrev  0x0000084f      0x24b ./Drivers/STM32F4xx_HAL_Driver/Src/stm32f4xx_hal.o
 .debug_abbrev  0x00000a9a      0x31d ./Drivers/STM32F4xx_HAL_Driver/Src/stm32f4xx_hal_cortex.o
 .debug_abbrev  0x00000db7      0x1d3 ./Drivers/STM32F4xx_HAL_Driver/Src/stm32f4xx_hal_gpio.o
 .debug_abbrev  0x00000f8a      0x2bc ./Drivers/STM32F4xx_HAL_Driver/Src/stm32f4xx_hal_i2c.o
 .debug_abbrev  0x00001246      0x2b6 ./Drivers/STM32F4xx_HAL_Driver/Src/stm32f4xx_hal_pcd.o
 .debug_abbrev  0x000014fc      0x1da ./Drivers/STM32F4xx_HAL_Driver/Src/stm32f4xx_hal_pcd_ex.o
 .debug_abbrev  0x000016d6      0x2b6 ./Drivers/STM32F4xx_HAL_Driver/Src/stm32f4xx_hal_rcc.o
 .debug_abbrev  0x0000198c      0x276 ./Drivers/STM32F4xx_HAL_Driver/Src/stm32f4xx_hal_spi.o
 .debug_abbrev  0x00001c02      0x2b3 ./Drivers/STM32F4xx_HAL_Driver/Src/stm32f4xx_ll_usb.o
 .debug_abbrev  0x00001eb5      0x2a2 ./Middlewares/ST/STM32_USB_Device_Library/Class/HID/Src/usbd_hid.o
 .debug_abbrev  0x00002157      0x27c ./Middlewares/ST/STM32_USB_Device_Library/Core/Src/usbd_core.o
 .debug_abbrev  0x000023d3      0x26f ./Middlewares/ST/STM32_USB_Device_Library/Core/Src/usbd_ctlreq.o
 .debug_abbrev  0x00002642      0x19a ./Middlewares/ST/STM32_USB_Device_Library/Core/Src/usbd_ioreq.o
 .debug_abbrev  0x000027dc      0x190 ./USB_DEVICE/App/usb_device.o
 .debug_abbrev  0x0000296c      0x1e1 ./USB_DEVICE/App/usbd_desc.o
 .debug_abbrev  0x00002b4d      0x33f ./USB_DEVICE/Target/usbd_conf.o

.debug_aranges  0x00000000      0xfb0
 .debug_aranges
                0x00000000       0x20 ./Core/Src/macropad.o
 .debug_aranges
                0x00000020       0x50 ./Core/Src/main.o
 .debug_aranges
                0x00000070       0x40 ./Core/Src/stm32f4xx_hal_msp.o
 .debug_aranges
                0x000000b0       0x68 ./Core/Src/stm32f4xx_it.o
 .debug_aranges
                0x00000118       0x28 ./Core/Src/system_stm32f4xx.o
 .debug_aranges
                0x00000140       0x28 ./Core/Startup/startup_stm32f411ccux.o
 .debug_aranges
                0x00000168       0xf0 ./Drivers/STM32F4xx_HAL_Driver/Src/stm32f4xx_hal.o
 .debug_aranges
                0x00000258      0x130 ./Drivers/STM32F4xx_HAL_Driver/Src/stm32f4xx_hal_cortex.o
 .debug_aranges
                0x00000388       0x58 ./Drivers/STM32F4xx_HAL_Driver/Src/stm32f4xx_hal_gpio.o
 .debug_aranges
                0x000003e0      0x2a8 ./Drivers/STM32F4xx_HAL_Driver/Src/stm32f4xx_hal_i2c.o
 .debug_aranges
                0x00000688      0x148 ./Drivers/STM32F4xx_HAL_Driver/Src/stm32f4xx_hal_pcd.o
 .debug_aranges
                0x000007d0       0x38 ./Drivers/STM32F4xx_HAL_Driver/Src/stm32f4xx_hal_pcd_ex.o
 .debug_aranges
                0x00000808       0x88 ./Drivers/STM32F4xx_HAL_Driver/Src/stm32f4xx_hal_rcc.o
 .debug_aranges
                0x00000890      0x1d0 ./Drivers/STM32F4xx_HAL_Driver/Src/stm32f4xx_hal_spi.o
 .debug_aranges
                0x00000a60      0x1a0 ./Drivers/STM32F4xx_HAL_Driver/Src/stm32f4xx_ll_usb.o
 .debug_aranges
                0x00000c00       0x68 ./Middlewares/ST/STM32_USB_Device_Library/Class/HID/Src/usbd_hid.o
 .debug_aranges
                0x00000c68       0xd8 ./Middlewares/ST/STM32_USB_Device_Library/Core/Src/usbd_core.o
 .debug_aranges
                0x00000d40       0x90 ./Middlewares/ST/STM32_USB_Device_Library/Core/Src/usbd_ctlreq.o
 .debug_aranges
                0x00000dd0       0x50 ./Middlewares/ST/STM32_USB_Device_Library/Core/Src/usbd_ioreq.o
 .debug_aranges
                0x00000e20       0x20 ./USB_DEVICE/App/usb_device.o
 .debug_aranges
                0x00000e40       0x60 ./USB_DEVICE/App/usbd_desc.o
 .debug_aranges
                0x00000ea0      0x110 ./USB_DEVICE/Target/usbd_conf.o

.debug_rnglists
                0x00000000      0xbed
 .debug_rnglists
                0x00000000       0x13 ./Core/Src/macropad.o
 .debug_rnglists
                0x00000013       0x3a ./Core/Src/main.o
 .debug_rnglists
                0x0000004d       0x2d ./Core/Src/stm32f4xx_hal_msp.o
 .debug_rnglists
                0x0000007a       0x49 ./Core/Src/stm32f4xx_it.o
 .debug_rnglists
                0x000000c3       0x1a ./Core/Src/system_stm32f4xx.o
 .debug_rnglists
                0x000000dd       0x19 ./Core/Startup/startup_stm32f411ccux.o
 .debug_rnglists
                0x000000f6       0xaf ./Drivers/STM32F4xx_HAL_Driver/Src/stm32f4xx_hal.o
 .debug_rnglists
                0x000001a5       0xe0 ./Drivers/STM32F4xx_HAL_Driver/Src/stm32f4xx_hal_cortex.o
 .debug_rnglists
                0x00000285       0x3f ./Drivers/STM32F4xx_HAL_Driver/Src/stm32f4xx_hal_gpio.o
 .debug_rnglists
                0x000002c4      0x23c ./Drivers/STM32F4xx_HAL_Driver/Src/stm32f4xx_hal_i2c.o
 .debug_rnglists
                0x00000500       0xfa ./Drivers/STM32F4xx_HAL_Driver/Src/stm32f4xx_hal_pcd.o
 .debug_rnglists
                0x000005fa       0x26 ./Drivers/STM32F4xx_HAL_Driver/Src/stm32f4xx_hal_pcd_ex.o
 .debug_rnglists
                0x00000620       0x66 ./Drivers/STM32F4xx_HAL_Driver/Src/stm32f4xx_hal_rcc.o
 .debug_rnglists
                0x00000686      0x16f ./Drivers/STM32F4xx_HAL_Driver/Src/stm32f4xx_hal_spi.o
 .debug_rnglists
                0x000007f5      0x147 ./Drivers/STM32F4xx_HAL_Driver/Src/stm32f4xx_ll_usb.o
 .debug_rnglists
                0x0000093c       0x4c ./Middlewares/ST/STM32_USB_Device_Library/Class/HID/Src/usbd_hid.o
 .debug_rnglists
                0x00000988       0xa1 ./Middlewares/ST/STM32_USB_Device_Library/Core/Src/usbd_core.o
 .debug_rnglists
                0x00000a29       0x6e ./Middlewares/ST/STM32_USB_Device_Library/Core/Src/usbd_ctlreq.o
 .debug_rnglists
                0x00000a97       0x37 ./Middlewares/ST/STM32_USB_Device_Library/Core/Src/usbd_ioreq.o
 .debug_rnglists
                0x00000ace       0x13 ./USB_DEVICE/App/usb_device.o
 .debug_rnglists
                0x00000ae1       0x43 ./USB_DEVICE/App/usbd_desc.o
 .debug_rnglists
                0x00000b24       0xc9 ./USB_DEVICE/Target/usbd_conf.o

.debug_macro    0x00000000    0x18a26
 .debug_macro   0x00000000      0x372 ./Core/Src/macropad.o
 .debug_macro   0x00000372      0xad8 ./Core/Src/macropad.o
 .debug_macro   0x00000e4a      0x2a1 ./Core/Src/macropad.o
 .debug_macro   0x000010eb       0x2e ./Core/Src/macropad.o
 .debug_macro   0x00001119       0x28 ./Core/Src/macropad.o
 .debug_macro   0x00001141       0x22 ./Core/Src/macropad.o
 .debug_macro   0x00001163       0x8e ./Core/Src/macropad.o
 .debug_macro   0x000011f1       0x51 ./Core/Src/macropad.o
 .debug_macro   0x00001242      0x103 ./Core/Src/macropad.o
 .debug_macro   0x00001345       0x6a ./Core/Src/macropad.o
 .debug_macro   0x000013af      0x1df ./Core/Src/macropad.o
 .debug_macro   0x0000158e       0x1c ./Core/Src/macropad.o
 .debug_macro   0x000015aa       0x22 ./Core/Src/macropad.o
 .debug_macro   0x000015cc       0xfb ./Core/Src/macropad.o
 .debug_macro   0x000016c7     0x1011 ./Core/Src/macropad.o
 .debug_macro   0x000026d8      0x11f ./Core/Src/macropad.o
 .debug_macro   0x000027f7     0xb968 ./Core/Src/macropad.o
 .debug_macro   0x0000e15f       0x6d ./Core/Src/macropad.o
 .debug_macro   0x0000e1cc     0x3693 ./Core/Src/macropad.o
 .debug_macro   0x0001185f      0x190 ./Core/Src/macropad.o
 .debug_macro   0x000119ef       0x5c ./Core/Src/macropad.o
 .debug_macro   0x00011a4b      0x45c ./Core/Src/macropad.o
 .debug_macro   0x00011ea7      0x9e9 ./Core/Src/macropad.o
 .debug_macro   0x00012890      0x115 ./Core/Src/macropad.o
 .debug_macro   0x000129a5      0x11b ./Core/Src/macropad.o
 .debug_macro   0x00012ac0       0xa5 ./Core/Src/macropad.o
 .debug_macro   0x00012b65      0x15f ./Core/Src/macropad.o
 .debug_macro   0x00012cc4      0x287 ./Core/Src/macropad.o
 .debug_macro   0x00012f4b       0x5f ./Core/Src/macropad.o
 .debug_macro   0x00012faa      0x236 ./Core/Src/macropad.o
 .debug_macro   0x000131e0      0x132 ./Core/Src/macropad.o
 .debug_macro   0x00013312      0x264 ./Core/Src/macropad.o
 .debug_macro   0x00013576       0x2e ./Core/Src/macropad.o
 .debug_macro   0x000135a4      0x1b5 ./Core/Src/macropad.o
 .debug_macro   0x00013759       0x22 ./Core/Src/macropad.o
 .debug_macro   0x0001377b       0xd6 ./Core/Src/macropad.o
 .debug_macro   0x00013851      0x127 ./Core/Src/macropad.o
 .debug_macro   0x00013978       0x85 ./Core/Src/macropad.o
 .debug_macro   0x000139fd       0x89 ./Core/Src/macropad.o
 .debug_macro   0x00013a86      0x225 ./Core/Src/macropad.o
 .debug_macro   0x00013cab      0x293 ./Core/Src/macropad.o
 .debug_macro   0x00013f3e       0xba ./Core/Src/macropad.o
 .debug_macro   0x00013ff8      0x126 ./Core/Src/macropad.o
 .debug_macro   0x0001411e       0x9a ./Core/Src/macropad.o
 .debug_macro   0x000141b8       0x61 ./Core/Src/macropad.o
 .debug_macro   0x00014219       0x2a ./Core/Src/macropad.o
 .debug_macro   0x00014243       0x43 ./Core/Src/macropad.o
 .debug_macro   0x00014286       0x34 ./Core/Src/macropad.o
 .debug_macro   0x000142ba       0x16 ./Core/Src/macropad.o
 .debug_macro   0x000142d0       0x3c ./Core/Src/macropad.o
 .debug_macro   0x0001430c      0x370 ./Core/Src/macropad.o
 .debug_macro   0x0001467c       0x10 ./Core/Src/macropad.o
 .debug_macro   0x0001468c       0x16 ./Core/Src/macropad.o
 .debug_macro   0x000146a2       0x4a ./Core/Src/macropad.o
 .debug_macro   0x000146ec       0x34 ./Core/Src/macropad.o
 .debug_macro   0x00014720       0x10 ./Core/Src/macropad.o
 .debug_macro   0x00014730       0x58 ./Core/Src/macropad.o
 .debug_macro   0x00014788       0x8e ./Core/Src/macropad.o
 .debug_macro   0x00014816       0x1c ./Core/Src/macropad.o
 .debug_macro   0x00014832      0x185 ./Core/Src/macropad.o
 .debug_macro   0x000149b7       0x16 ./Core/Src/macropad.o
 .debug_macro   0x000149cd       0x16 ./Core/Src/macropad.o
 .debug_macro   0x000149e3      0x146 ./Core/Src/macropad.o
 .debug_macro   0x00014b29       0x16 ./Core/Src/macropad.o
 .debug_macro   0x00014b3f       0x16 ./Core/Src/macropad.o
 .debug_macro   0x00014b55       0x29 ./Core/Src/macropad.o
 .debug_macro   0x00014b7e       0x16 ./Core/Src/macropad.o
 .debug_macro   0x00014b94       0x20 ./Core/Src/macropad.o
 .debug_macro   0x00014bb4       0x6b ./Core/Src/macropad.o
 .debug_macro   0x00014c1f      0x20f ./Core/Src/macropad.o
 .debug_macro   0x00014e2e      0x3bc ./Core/Src/main.o
 .debug_macro   0x000151ea       0x94 ./Core/Src/main.o
 .debug_macro   0x0001527e       0x5f ./Core/Src/main.o
 .debug_macro   0x000152dd      0x124 ./Core/Src/main.o
 .debug_macro   0x00015401      0x206 ./Core/Src/stm32f4xx_hal_msp.o
 .debug_macro   0x00015607      0x210 ./Core/Src/stm32f4xx_it.o
 .debug_macro   0x00015817      0x1f7 ./Core/Src/system_stm32f4xx.o
 .debug_macro   0x00015a0e      0x257 ./Drivers/STM32F4xx_HAL_Driver/Src/stm32f4xx_hal.o
 .debug_macro   0x00015c65      0x1f7 ./Drivers/STM32F4xx_HAL_Driver/Src/stm32f4xx_hal_cortex.o
 .debug_macro   0x00015e5c      0x1fd ./Drivers/STM32F4xx_HAL_Driver/Src/stm32f4xx_hal_gpio.o
 .debug_macro   0x00016059      0x245 ./Drivers/STM32F4xx_HAL_Driver/Src/stm32f4xx_hal_i2c.o
 .debug_macro   0x0001629e      0x203 ./Drivers/STM32F4xx_HAL_Driver/Src/stm32f4xx_hal_pcd.o
 .debug_macro   0x000164a1      0x1f7 ./Drivers/STM32F4xx_HAL_Driver/Src/stm32f4xx_hal_pcd_ex.o
 .debug_macro   0x00016698      0x21b ./Drivers/STM32F4xx_HAL_Driver/Src/stm32f4xx_hal_rcc.o
 .debug_macro   0x000168b3      0x206 ./Drivers/STM32F4xx_HAL_Driver/Src/stm32f4xx_hal_spi.o
 .debug_macro   0x00016ab9      0x1f7 ./Drivers/STM32F4xx_HAL_Driver/Src/stm32f4xx_ll_usb.o
 .debug_macro   0x00016cb0      0x395 ./Middlewares/ST/STM32_USB_Device_Library/Class/HID/Src/usbd_hid.o
 .debug_macro   0x00017045       0x9e ./Middlewares/ST/STM32_USB_Device_Library/Class/HID/Src/usbd_hid.o
 .debug_macro   0x000170e3      0x112 ./Middlewares/ST/STM32_USB_Device_Library/Class/HID/Src/usbd_hid.o
 .debug_macro   0x000171f5       0x56 ./Middlewares/ST/STM32_USB_Device_Library/Class/HID/Src/usbd_hid.o
 .debug_macro   0x0001724b      0x37c ./Middlewares/ST/STM32_USB_Device_Library/Core/Src/usbd_core.o
 .debug_macro   0x000175c7      0x215 ./Middlewares/ST/STM32_USB_Device_Library/Core/Src/usbd_core.o
 .debug_macro   0x000177dc      0x386 ./Middlewares/ST/STM32_USB_Device_Library/Core/Src/usbd_ctlreq.o
 .debug_macro   0x00017b62      0x382 ./Middlewares/ST/STM32_USB_Device_Library/Core/Src/usbd_ioreq.o
 .debug_macro   0x00017ee4      0x3ac ./USB_DEVICE/App/usb_device.o
 .debug_macro   0x00018290       0x22 ./USB_DEVICE/App/usb_device.o
 .debug_macro   0x000182b2      0x3bf ./USB_DEVICE/App/usbd_desc.o
 .debug_macro   0x00018671       0x1c ./USB_DEVICE/App/usbd_desc.o
 .debug_macro   0x0001868d      0x399 ./USB_DEVICE/Target/usbd_conf.o

.debug_line     0x00000000    0x1502f
 .debug_line    0x00000000      0x9de ./Core/Src/macropad.o
 .debug_line    0x000009de      0xbee ./Core/Src/main.o
 .debug_line    0x000015cc      0x841 ./Core/Src/stm32f4xx_hal_msp.o
 .debug_line    0x00001e0d      0x85b ./Core/Src/stm32f4xx_it.o
 .debug_line    0x00002668      0x80a ./Core/Src/system_stm32f4xx.o
 .debug_line    0x00002e72       0x7a ./Core/Startup/startup_stm32f411ccux.o
 .debug_line    0x00002eec      0xa86 ./Drivers/STM32F4xx_HAL_Driver/Src/stm32f4xx_hal.o
 .debug_line    0x00003972      0xd56 ./Drivers/STM32F4xx_HAL_Driver/Src/stm32f4xx_hal_cortex.o
 .debug_line    0x000046c8      0xba2 ./Drivers/STM32F4xx_HAL_Driver/Src/stm32f4xx_hal_gpio.o
 .debug_line    0x0000526a     0x3b33 ./Drivers/STM32F4xx_HAL_Driver/Src/stm32f4xx_hal_i2c.o
 .debug_line    0x00008d9d     0x14d1 ./Drivers/STM32F4xx_HAL_Driver/Src/stm32f4xx_hal_pcd.o
 .debug_line    0x0000a26e      0x84f ./Drivers/STM32F4xx_HAL_Driver/Src/stm32f4xx_hal_pcd_ex.o
 .debug_line    0x0000aabd      0xe95 ./Drivers/STM32F4xx_HAL_Driver/Src/stm32f4xx_hal_rcc.o
 .debug_line    0x0000b952     0x1d21 ./Drivers/STM32F4xx_HAL_Driver/Src/stm32f4xx_hal_spi.o
 .debug_line    0x0000d673     0x1d5e ./Drivers/STM32F4xx_HAL_Driver/Src/stm32f4xx_ll_usb.o
 .debug_line    0x0000f3d1      0xcc3 ./Middlewares/ST/STM32_USB_Device_Library/Class/HID/Src/usbd_hid.o
 .debug_line    0x00010094      0xfad ./Middlewares/ST/STM32_USB_Device_Library/Core/Src/usbd_core.o
 .debug_line    0x00011041     0x116f ./Middlewares/ST/STM32_USB_Device_Library/Core/Src/usbd_ctlreq.o
 .debug_line    0x000121b0      0xab4 ./Middlewares/ST/STM32_USB_Device_Library/Core/Src/usbd_ioreq.o
 .debug_line    0x00012c64      0xa5b ./USB_DEVICE/App/usb_device.o
 .debug_line    0x000136bf      0xb23 ./USB_DEVICE/App/usbd_desc.o
 .debug_line    0x000141e2      0xe4d ./USB_DEVICE/Target/usbd_conf.o

.debug_str      0x00000000    0x8b9d9
 .debug_str     0x00000000    0x8b9d9 ./Core/Src/macropad.o
                              0x869f8 (size before relaxing)
 .debug_str     0x0008b9d9        0x0 ./Core/Src/main.o
                              0x87ce4 (size before relaxing)
 .debug_str     0x0008b9d9        0x0 ./Core/Src/stm32f4xx_hal_msp.o
                              0x82efa (size before relaxing)
 .debug_str     0x0008b9d9        0x0 ./Core/Src/stm32f4xx_it.o
                              0x82b09 (size before relaxing)
 .debug_str     0x0008b9d9        0x0 ./Core/Src/system_stm32f4xx.o
                              0x825d5 (size before relaxing)
 .debug_str     0x0008b9d9        0x0 ./Core/Startup/startup_stm32f411ccux.o
                                 0x8f (size before relaxing)
 .debug_str     0x0008b9d9        0x0 ./Drivers/STM32F4xx_HAL_Driver/Src/stm32f4xx_hal.o
                              0x83001 (size before relaxing)
 .debug_str     0x0008b9d9        0x0 ./Drivers/STM32F4xx_HAL_Driver/Src/stm32f4xx_hal_cortex.o
                              0x82d6b (size before relaxing)
 .debug_str     0x0008b9d9        0x0 ./Drivers/STM32F4xx_HAL_Driver/Src/stm32f4xx_hal_gpio.o
                              0x82750 (size before relaxing)
 .debug_str     0x0008b9d9        0x0 ./Drivers/STM32F4xx_HAL_Driver/Src/stm32f4xx_hal_i2c.o
                              0x835e6 (size before relaxing)
 .debug_str     0x0008b9d9        0x0 ./Drivers/STM32F4xx_HAL_Driver/Src/stm32f4xx_hal_pcd.o
                              0x830a1 (size before relaxing)
 .debug_str     0x0008b9d9        0x0 ./Drivers/STM32F4xx_HAL_Driver/Src/stm32f4xx_hal_pcd_ex.o
                              0x82991 (size before relaxing)
 .debug_str     0x0008b9d9        0x0 ./Drivers/STM32F4xx_HAL_Driver/Src/stm32f4xx_hal_rcc.o
                              0x82a09 (size before relaxing)
 .debug_str     0x0008b9d9        0x0 ./Drivers/STM32F4xx_HAL_Driver/Src/stm32f4xx_hal_spi.o
                              0x82e81 (size before relaxing)
 .debug_str     0x0008b9d9        0x0 ./Drivers/STM32F4xx_HAL_Driver/Src/stm32f4xx_ll_usb.o
                              0x82f7c (size before relaxing)
 .debug_str     0x0008b9d9        0x0 ./Middlewares/ST/STM32_USB_Device_Library/Class/HID/Src/usbd_hid.o
                              0x87280 (size before relaxing)
 .debug_str     0x0008b9d9        0x0 ./Middlewares/ST/STM32_USB_Device_Library/Core/Src/usbd_core.o
                              0x871eb (size before relaxing)
 .debug_str     0x0008b9d9        0x0 ./Middlewares/ST/STM32_USB_Device_Library/Core/Src/usbd_ctlreq.o
                              0x87016 (size before relaxing)
 .debug_str     0x0008b9d9        0x0 ./Middlewares/ST/STM32_USB_Device_Library/Core/Src/usbd_ioreq.o
                              0x86eeb (size before relaxing)
 .debug_str     0x0008b9d9        0x0 ./USB_DEVICE/App/usb_device.o
                              0x8707e (size before relaxing)
 .debug_str     0x0008b9d9        0x0 ./USB_DEVICE/App/usbd_desc.o
                              0x86ddd (size before relaxing)
 .debug_str     0x0008b9d9        0x0 ./USB_DEVICE/Target/usbd_conf.o
                              0x87e3a (size before relaxing)

.comment        0x00000000       0x43
 .comment       0x00000000       0x43 ./Core/Src/macropad.o
                                 0x44 (size before relaxing)
 .comment       0x00000043        0x0 ./Core/Src/main.o
                                 0x44 (size before relaxing)
 .comment       0x00000043        0x0 ./Core/Src/stm32f4xx_hal_msp.o
                                 0x44 (size before relaxing)
 .comment       0x00000043        0x0 ./Core/Src/stm32f4xx_it.o
                                 0x44 (size before relaxing)
 .comment       0x00000043        0x0 ./Core/Src/system_stm32f4xx.o
                                 0x44 (size before relaxing)
 .comment       0x00000043        0x0 ./Drivers/STM32F4xx_HAL_Driver/Src/stm32f4xx_hal.o
                                 0x44 (size before relaxing)
 .comment       0x00000043        0x0 ./Drivers/STM32F4xx_HAL_Driver/Src/stm32f4xx_hal_cortex.o
                                 0x44 (size before relaxing)
 .comment       0x00000043        0x0 ./Drivers/STM32F4xx_HAL_Driver/Src/stm32f4xx_hal_gpio.o
                                 0x44 (size before relaxing)
 .comment       0x00000043        0x0 ./Drivers/STM32F4xx_HAL_Driver/Src/stm32f4xx_hal_i2c.o
                                 0x44 (size before relaxing)
 .comment       0x00000043        0x0 ./Drivers/STM32F4xx_HAL_Driver/Src/stm32f4xx_hal_pcd.o
                                 0x44 (size before relaxing)
 .comment       0x00000043        0x0 ./Drivers/STM32F4xx_HAL_Driver/Src/stm32f4xx_hal_pcd_ex.o
                                 0x44 (size before relaxing)
 .comment       0x00000043        0x0 ./Drivers/STM32F4xx_HAL_Driver/Src/stm32f4xx_hal_rcc.o
                                 0x44 (size before relaxing)
 .comment       0x00000043        0x0 ./Drivers/STM32F4xx_HAL_Driver/Src/stm32f4xx_hal_spi.o
                                 0x44 (size before relaxing)
 .comment       0x00000043        0x0 ./Drivers/STM32F4xx_HAL_Driver/Src/stm32f4xx_ll_usb.o
                                 0x44 (size before relaxing)
 .comment       0x00000043        0x0 ./Middlewares/ST/STM32_USB_Device_Library/Class/HID/Src/usbd_hid.o
                                 0x44 (size before relaxing)
 .comment       0x00000043        0x0 ./Middlewares/ST/STM32_USB_Device_Library/Core/Src/usbd_core.o
                                 0x44 (size before relaxing)
 .comment       0x00000043        0x0 ./Middlewares/ST/STM32_USB_Device_Library/Core/Src/usbd_ctlreq.o
                                 0x44 (size before relaxing)
 .comment       0x00000043        0x0 ./Middlewares/ST/STM32_USB_Device_Library/Core/Src/usbd_ioreq.o
                                 0x44 (size before relaxing)
 .comment       0x00000043        0x0 ./USB_DEVICE/App/usb_device.o
                                 0x44 (size before relaxing)
 .comment       0x00000043        0x0 ./USB_DEVICE/App/usbd_desc.o
                                 0x44 (size before relaxing)
 .comment       0x00000043        0x0 ./USB_DEVICE/Target/usbd_conf.o
                                 0x44 (size before relaxing)

.debug_frame    0x00000000     0x4100
 .debug_frame   0x00000000       0x38 ./Core/Src/macropad.o
 .debug_frame   0x00000038       0xe8 ./Core/Src/main.o
 .debug_frame   0x00000120       0xc8 ./Core/Src/stm32f4xx_hal_msp.o
 .debug_frame   0x000001e8      0x120 ./Core/Src/stm32f4xx_it.o
 .debug_frame   0x00000308       0x58 ./Core/Src/system_stm32f4xx.o
 .debug_frame   0x00000360      0x374 ./Drivers/STM32F4xx_HAL_Driver/Src/stm32f4xx_hal.o
 .debug_frame   0x000006d4      0x508 ./Drivers/STM32F4xx_HAL_Driver/Src/stm32f4xx_hal_cortex.o
 .debug_frame   0x00000bdc      0x14c ./Drivers/STM32F4xx_HAL_Driver/Src/stm32f4xx_hal_gpio.o
 .debug_frame   0x00000d28      0xc84 ./Drivers/STM32F4xx_HAL_Driver/Src/stm32f4xx_hal_i2c.o
 .debug_frame   0x000019ac      0x5b8 ./Drivers/STM32F4xx_HAL_Driver/Src/stm32f4xx_hal_pcd.o
 .debug_frame   0x00001f64       0xb0 ./Drivers/STM32F4xx_HAL_Driver/Src/stm32f4xx_hal_pcd_ex.o
 .debug_frame   0x00002014      0x1f4 ./Drivers/STM32F4xx_HAL_Driver/Src/stm32f4xx_hal_rcc.o
 .debug_frame   0x00002208      0x828 ./Drivers/STM32F4xx_HAL_Driver/Src/stm32f4xx_hal_spi.o
 .debug_frame   0x00002a30      0x7c0 ./Drivers/STM32F4xx_HAL_Driver/Src/stm32f4xx_ll_usb.o
 .debug_frame   0x000031f0      0x184 ./Middlewares/ST/STM32_USB_Device_Library/Class/HID/Src/usbd_hid.o
 .debug_frame   0x00003374      0x390 ./Middlewares/ST/STM32_USB_Device_Library/Core/Src/usbd_core.o
 .debug_frame   0x00003704      0x23c ./Middlewares/ST/STM32_USB_Device_Library/Core/Src/usbd_ctlreq.o
 .debug_frame   0x00003940      0x10c ./Middlewares/ST/STM32_USB_Device_Library/Core/Src/usbd_ioreq.o
 .debug_frame   0x00003a4c       0x2c ./USB_DEVICE/App/usb_device.o
 .debug_frame   0x00003a78      0x160 ./USB_DEVICE/App/usbd_desc.o
 .debug_frame   0x00003bd8      0x47c ./USB_DEVICE/Target/usbd_conf.o
 .debug_frame   0x00004054       0x20 C:/ST/STM32CubeIDE_1.15.1/STM32CubeIDE/plugins/com.st.stm32cube.ide.mcu.externaltools.gnu-tools-for-stm32.13.3.rel1.win32_1.0.100.202509120712/tools/bin/../lib/gcc/arm-none-eabi/13.3.1/../../../../arm-none-eabi/lib/thumb/v7e-m+fp/hard\libc_nano.a(libc_a-memset.o)
 .debug_frame   0x00004074       0x2c C:/ST/STM32CubeIDE_1.15.1/STM32CubeIDE/plugins/com.st.stm32cube.ide.mcu.externaltools.gnu-tools-for-stm32.13.3.rel1.win32_1.0.100.202509120712/tools/bin/../lib/gcc/arm-none-eabi/13.3.1/../../../../arm-none-eabi/lib/thumb/v7e-m+fp/hard\libc_nano.a(libc_a-init.o)
 .debug_frame   0x000040a0       0x2c C:/ST/STM32CubeIDE_1.15.1/STM32CubeIDE/plugins/com.st.stm32cube.ide.mcu.externaltools.gnu-tools-for-stm32.13.3.rel1.win32_1.0.100.202509120712/tools/bin/../lib/gcc/arm-none-eabi/13.3.1/thumb/v7e-m+fp/hard\libgcc.a(_aeabi_uldivmod.o)
 .debug_frame   0x000040cc       0x34 C:/ST/STM32CubeIDE_1.15.1/STM32CubeIDE/plugins/com.st.stm32cube.ide.mcu.externaltools.gnu-tools-for-stm32.13.3.rel1.win32_1.0.100.202509120712/tools/bin/../lib/gcc/arm-none-eabi/13.3.1/thumb/v7e-m+fp/hard\libgcc.a(_udivmoddi4.o)

.debug_line_str
                0x00000000       0x73
 .debug_line_str
                0x00000000       0x73 ./Core/Startup/startup_stm32f411ccux.o
